17:09:35 **** Clean-only build of configuration Debug for project CMSISv2p00_LPC17xx ****
make -r clean 
rm -rf  ./src/core_cm3.o ./src/system_LPC17xx.o  ./lpc17xx.cmsis.driver.library/Source/lpc17xx_adc.o ./lpc17xx.cmsis.driver.library/Source/lpc17xx_can.o ./lpc17xx.cmsis.driver.library/Source/lpc17xx_clkpwr.o ./lpc17xx.cmsis.driver.library/Source/lpc17xx_dac.o ./lpc17xx.cmsis.driver.library/Source/lpc17xx_emac.o ./lpc17xx.cmsis.driver.library/Source/lpc17xx_exti.o ./lpc17xx.cmsis.driver.library/Source/lpc17xx_gpdma.o ./lpc17xx.cmsis.driver.library/Source/lpc17xx_gpio.o ./lpc17xx.cmsis.driver.library/Source/lpc17xx_i2c.o ./lpc17xx.cmsis.driver.library/Source/lpc17xx_i2s.o ./lpc17xx.cmsis.driver.library/Source/lpc17xx_libcfg_default.o ./lpc17xx.cmsis.driver.library/Source/lpc17xx_mcpwm.o ./lpc17xx.cmsis.driver.library/Source/lpc17xx_nvic.o ./lpc17xx.cmsis.driver.library/Source/lpc17xx_pinsel.o ./lpc17xx.cmsis.driver.library/Source/lpc17xx_pwm.o ./lpc17xx.cmsis.driver.library/Source/lpc17xx_qei.o ./lpc17xx.cmsis.driver.library/Source/lpc17xx_rit.o ./lpc17xx.cmsis.driver.library/Source/lpc17xx_rtc.o ./lpc17xx.cmsis.driver.library/Source/lpc17xx_spi.o ./lpc17xx.cmsis.driver.library/Source/lpc17xx_ssp.o ./lpc17xx.cmsis.driver.library/Source/lpc17xx_systick.o ./lpc17xx.cmsis.driver.library/Source/lpc17xx_timer.o ./lpc17xx.cmsis.driver.library/Source/lpc17xx_uart.o ./lpc17xx.cmsis.driver.library/Source/lpc17xx_wdt.o  ./src/core_cm3.d ./src/system_LPC17xx.d  ./lpc17xx.cmsis.driver.library/Source/lpc17xx_adc.d ./lpc17xx.cmsis.driver.library/Source/lpc17xx_can.d ./lpc17xx.cmsis.driver.library/Source/lpc17xx_clkpwr.d ./lpc17xx.cmsis.driver.library/Source/lpc17xx_dac.d ./lpc17xx.cmsis.driver.library/Source/lpc17xx_emac.d ./lpc17xx.cmsis.driver.library/Source/lpc17xx_exti.d ./lpc17xx.cmsis.driver.library/Source/lpc17xx_gpdma.d ./lpc17xx.cmsis.driver.library/Source/lpc17xx_gpio.d ./lpc17xx.cmsis.driver.library/Source/lpc17xx_i2c.d ./lpc17xx.cmsis.driver.library/Source/lpc17xx_i2s.d ./lpc17xx.cmsis.driver.library/Source/lpc17xx_libcfg_default.d ./lpc17xx.cmsis.driver.library/Source/lpc17xx_mcpwm.d ./lpc17xx.cmsis.driver.library/Source/lpc17xx_nvic.d ./lpc17xx.cmsis.driver.library/Source/lpc17xx_pinsel.d ./lpc17xx.cmsis.driver.library/Source/lpc17xx_pwm.d ./lpc17xx.cmsis.driver.library/Source/lpc17xx_qei.d ./lpc17xx.cmsis.driver.library/Source/lpc17xx_rit.d ./lpc17xx.cmsis.driver.library/Source/lpc17xx_rtc.d ./lpc17xx.cmsis.driver.library/Source/lpc17xx_spi.d ./lpc17xx.cmsis.driver.library/Source/lpc17xx_ssp.d ./lpc17xx.cmsis.driver.library/Source/lpc17xx_systick.d ./lpc17xx.cmsis.driver.library/Source/lpc17xx_timer.d ./lpc17xx.cmsis.driver.library/Source/lpc17xx_uart.d ./lpc17xx.cmsis.driver.library/Source/lpc17xx_wdt.d  libCMSISv2p00_LPC17xx.a
 
17:10:05 **** Clean-only build of configuration Debug for project CMSISv2p00_LPC17xx ****
make -r clean 
rm -rf  ./src/core_cm3.o ./src/system_LPC17xx.o  ./lpc17xx.cmsis.driver.library/Source/lpc17xx_adc.o ./lpc17xx.cmsis.driver.library/Source/lpc17xx_can.o ./lpc17xx.cmsis.driver.library/Source/lpc17xx_clkpwr.o ./lpc17xx.cmsis.driver.library/Source/lpc17xx_dac.o ./lpc17xx.cmsis.driver.library/Source/lpc17xx_emac.o ./lpc17xx.cmsis.driver.library/Source/lpc17xx_exti.o ./lpc17xx.cmsis.driver.library/Source/lpc17xx_gpdma.o ./lpc17xx.cmsis.driver.library/Source/lpc17xx_gpio.o ./lpc17xx.cmsis.driver.library/Source/lpc17xx_i2c.o ./lpc17xx.cmsis.driver.library/Source/lpc17xx_i2s.o ./lpc17xx.cmsis.driver.library/Source/lpc17xx_libcfg_default.o ./lpc17xx.cmsis.driver.library/Source/lpc17xx_mcpwm.o ./lpc17xx.cmsis.driver.library/Source/lpc17xx_nvic.o ./lpc17xx.cmsis.driver.library/Source/lpc17xx_pinsel.o ./lpc17xx.cmsis.driver.library/Source/lpc17xx_pwm.o ./lpc17xx.cmsis.driver.library/Source/lpc17xx_qei.o ./lpc17xx.cmsis.driver.library/Source/lpc17xx_rit.o ./lpc17xx.cmsis.driver.library/Source/lpc17xx_rtc.o ./lpc17xx.cmsis.driver.library/Source/lpc17xx_spi.o ./lpc17xx.cmsis.driver.library/Source/lpc17xx_ssp.o ./lpc17xx.cmsis.driver.library/Source/lpc17xx_systick.o ./lpc17xx.cmsis.driver.library/Source/lpc17xx_timer.o ./lpc17xx.cmsis.driver.library/Source/lpc17xx_uart.o ./lpc17xx.cmsis.driver.library/Source/lpc17xx_wdt.o  ./src/core_cm3.d ./src/system_LPC17xx.d  ./lpc17xx.cmsis.driver.library/Source/lpc17xx_adc.d ./lpc17xx.cmsis.driver.library/Source/lpc17xx_can.d ./lpc17xx.cmsis.driver.library/Source/lpc17xx_clkpwr.d ./lpc17xx.cmsis.driver.library/Source/lpc17xx_dac.d ./lpc17xx.cmsis.driver.library/Source/lpc17xx_emac.d ./lpc17xx.cmsis.driver.library/Source/lpc17xx_exti.d ./lpc17xx.cmsis.driver.library/Source/lpc17xx_gpdma.d ./lpc17xx.cmsis.driver.library/Source/lpc17xx_gpio.d ./lpc17xx.cmsis.driver.library/Source/lpc17xx_i2c.d ./lpc17xx.cmsis.driver.library/Source/lpc17xx_i2s.d ./lpc17xx.cmsis.driver.library/Source/lpc17xx_libcfg_default.d ./lpc17xx.cmsis.driver.library/Source/lpc17xx_mcpwm.d ./lpc17xx.cmsis.driver.library/Source/lpc17xx_nvic.d ./lpc17xx.cmsis.driver.library/Source/lpc17xx_pinsel.d ./lpc17xx.cmsis.driver.library/Source/lpc17xx_pwm.d ./lpc17xx.cmsis.driver.library/Source/lpc17xx_qei.d ./lpc17xx.cmsis.driver.library/Source/lpc17xx_rit.d ./lpc17xx.cmsis.driver.library/Source/lpc17xx_rtc.d ./lpc17xx.cmsis.driver.library/Source/lpc17xx_spi.d ./lpc17xx.cmsis.driver.library/Source/lpc17xx_ssp.d ./lpc17xx.cmsis.driver.library/Source/lpc17xx_systick.d ./lpc17xx.cmsis.driver.library/Source/lpc17xx_timer.d ./lpc17xx.cmsis.driver.library/Source/lpc17xx_uart.d ./lpc17xx.cmsis.driver.library/Source/lpc17xx_wdt.d  libCMSISv2p00_LPC17xx.a
 
17:10:10 **** Clean-only build of configuration Debug for project CMSISv2p00_LPC17xx ****
make -r clean 
rm -rf  ./src/core_cm3.o ./src/system_LPC17xx.o  ./lpc17xx.cmsis.driver.library/Source/lpc17xx_adc.o ./lpc17xx.cmsis.driver.library/Source/lpc17xx_can.o ./lpc17xx.cmsis.driver.library/Source/lpc17xx_clkpwr.o ./lpc17xx.cmsis.driver.library/Source/lpc17xx_dac.o ./lpc17xx.cmsis.driver.library/Source/lpc17xx_emac.o ./lpc17xx.cmsis.driver.library/Source/lpc17xx_exti.o ./lpc17xx.cmsis.driver.library/Source/lpc17xx_gpdma.o ./lpc17xx.cmsis.driver.library/Source/lpc17xx_gpio.o ./lpc17xx.cmsis.driver.library/Source/lpc17xx_i2c.o ./lpc17xx.cmsis.driver.library/Source/lpc17xx_i2s.o ./lpc17xx.cmsis.driver.library/Source/lpc17xx_libcfg_default.o ./lpc17xx.cmsis.driver.library/Source/lpc17xx_mcpwm.o ./lpc17xx.cmsis.driver.library/Source/lpc17xx_nvic.o ./lpc17xx.cmsis.driver.library/Source/lpc17xx_pinsel.o ./lpc17xx.cmsis.driver.library/Source/lpc17xx_pwm.o ./lpc17xx.cmsis.driver.library/Source/lpc17xx_qei.o ./lpc17xx.cmsis.driver.library/Source/lpc17xx_rit.o ./lpc17xx.cmsis.driver.library/Source/lpc17xx_rtc.o ./lpc17xx.cmsis.driver.library/Source/lpc17xx_spi.o ./lpc17xx.cmsis.driver.library/Source/lpc17xx_ssp.o ./lpc17xx.cmsis.driver.library/Source/lpc17xx_systick.o ./lpc17xx.cmsis.driver.library/Source/lpc17xx_timer.o ./lpc17xx.cmsis.driver.library/Source/lpc17xx_uart.o ./lpc17xx.cmsis.driver.library/Source/lpc17xx_wdt.o  ./src/core_cm3.d ./src/system_LPC17xx.d  ./lpc17xx.cmsis.driver.library/Source/lpc17xx_adc.d ./lpc17xx.cmsis.driver.library/Source/lpc17xx_can.d ./lpc17xx.cmsis.driver.library/Source/lpc17xx_clkpwr.d ./lpc17xx.cmsis.driver.library/Source/lpc17xx_dac.d ./lpc17xx.cmsis.driver.library/Source/lpc17xx_emac.d ./lpc17xx.cmsis.driver.library/Source/lpc17xx_exti.d ./lpc17xx.cmsis.driver.library/Source/lpc17xx_gpdma.d ./lpc17xx.cmsis.driver.library/Source/lpc17xx_gpio.d ./lpc17xx.cmsis.driver.library/Source/lpc17xx_i2c.d ./lpc17xx.cmsis.driver.library/Source/lpc17xx_i2s.d ./lpc17xx.cmsis.driver.library/Source/lpc17xx_libcfg_default.d ./lpc17xx.cmsis.driver.library/Source/lpc17xx_mcpwm.d ./lpc17xx.cmsis.driver.library/Source/lpc17xx_nvic.d ./lpc17xx.cmsis.driver.library/Source/lpc17xx_pinsel.d ./lpc17xx.cmsis.driver.library/Source/lpc17xx_pwm.d ./lpc17xx.cmsis.driver.library/Source/lpc17xx_qei.d ./lpc17xx.cmsis.driver.library/Source/lpc17xx_rit.d ./lpc17xx.cmsis.driver.library/Source/lpc17xx_rtc.d ./lpc17xx.cmsis.driver.library/Source/lpc17xx_spi.d ./lpc17xx.cmsis.driver.library/Source/lpc17xx_ssp.d ./lpc17xx.cmsis.driver.library/Source/lpc17xx_systick.d ./lpc17xx.cmsis.driver.library/Source/lpc17xx_timer.d ./lpc17xx.cmsis.driver.library/Source/lpc17xx_uart.d ./lpc17xx.cmsis.driver.library/Source/lpc17xx_wdt.d  libCMSISv2p00_LPC17xx.a
 
17:10:11 **** Build of configuration Debug for project CMSISv2p00_LPC17xx ****
make -r all 
Building file: ../src/core_cm3.c
Invoking: MCU C Compiler
arm-none-eabi-gcc -D__REDLIB__ -DDEBUG -D__CODE_RED -I"C:\Users\Agustinceravolo\Documents\LPCXpresso_7.9.0_455\workspace\LedOn\CMSISv2p00_LPC17xx\lpc17xx.cmsis.driver.library\Include" -I"../inc" -O0 -Os -g3 -Wall -c -fmessage-length=0 -fno-builtin -ffunction-sections -fdata-sections -mcpu=cortex-m3 -mthumb -D__REDLIB__ -specs=redlib.specs -MMD -MP -MF"src/core_cm3.d" -MT"src/core_cm3.o" -MT"src/core_cm3.d" -o "src/core_cm3.o" "../src/core_cm3.c"
Finished building: ../src/core_cm3.c
 
Building file: ../src/system_LPC17xx.c
Invoking: MCU C Compiler
arm-none-eabi-gcc -D__REDLIB__ -DDEBUG -D__CODE_RED -I"C:\Users\Agustinceravolo\Documents\LPCXpresso_7.9.0_455\workspace\LedOn\CMSISv2p00_LPC17xx\lpc17xx.cmsis.driver.library\Include" -I"../inc" -O0 -Os -g3 -Wall -c -fmessage-length=0 -fno-builtin -ffunction-sections -fdata-sections -mcpu=cortex-m3 -mthumb -D__REDLIB__ -specs=redlib.specs -MMD -MP -MF"src/system_LPC17xx.d" -MT"src/system_LPC17xx.o" -MT"src/system_LPC17xx.d" -o "src/system_LPC17xx.o" "../src/system_LPC17xx.c"
Finished building: ../src/system_LPC17xx.c
 
Building file: ../lpc17xx.cmsis.driver.library/Source/lpc17xx_adc.c
Invoking: MCU C Compiler
arm-none-eabi-gcc -D__REDLIB__ -DDEBUG -D__CODE_RED -I"C:\Users\Agustinceravolo\Documents\LPCXpresso_7.9.0_455\workspace\LedOn\CMSISv2p00_LPC17xx\lpc17xx.cmsis.driver.library\Include" -I"../inc" -O0 -Os -g3 -Wall -c -fmessage-length=0 -fno-builtin -ffunction-sections -fdata-sections -mcpu=cortex-m3 -mthumb -D__REDLIB__ -specs=redlib.specs -MMD -MP -MF"lpc17xx.cmsis.driver.library/Source/lpc17xx_adc.d" -MT"lpc17xx.cmsis.driver.library/Source/lpc17xx_adc.o" -MT"lpc17xx.cmsis.driver.library/Source/lpc17xx_adc.d" -o "lpc17xx.cmsis.driver.library/Source/lpc17xx_adc.o" "../lpc17xx.cmsis.driver.library/Source/lpc17xx_adc.c"
Finished building: ../lpc17xx.cmsis.driver.library/Source/lpc17xx_adc.c
 
Building file: ../lpc17xx.cmsis.driver.library/Source/lpc17xx_can.c
Invoking: MCU C Compiler
arm-none-eabi-gcc -D__REDLIB__ -DDEBUG -D__CODE_RED -I"C:\Users\Agustinceravolo\Documents\LPCXpresso_7.9.0_455\workspace\LedOn\CMSISv2p00_LPC17xx\lpc17xx.cmsis.driver.library\Include" -I"../inc" -O0 -Os -g3 -Wall -c -fmessage-length=0 -fno-builtin -ffunction-sections -fdata-sections -mcpu=cortex-m3 -mthumb -D__REDLIB__ -specs=redlib.specs -MMD -MP -MF"lpc17xx.cmsis.driver.library/Source/lpc17xx_can.d" -MT"lpc17xx.cmsis.driver.library/Source/lpc17xx_can.o" -MT"lpc17xx.cmsis.driver.library/Source/lpc17xx_can.d" -o "lpc17xx.cmsis.driver.library/Source/lpc17xx_can.o" "../lpc17xx.cmsis.driver.library/Source/lpc17xx_can.c"
../lpc17xx.cmsis.driver.library/Source/lpc17xx_can.c: In function 'CAN_Init':
../lpc17xx.cmsis.driver.library/Source/lpc17xx_can.c:138:11: warning: variable 'temp' set but not used [-Wunused-but-set-variable]
  uint32_t temp;
           ^
Finished building: ../lpc17xx.cmsis.driver.library/Source/lpc17xx_can.c
 
Building file: ../lpc17xx.cmsis.driver.library/Source/lpc17xx_clkpwr.c
Invoking: MCU C Compiler
arm-none-eabi-gcc -D__REDLIB__ -DDEBUG -D__CODE_RED -I"C:\Users\Agustinceravolo\Documents\LPCXpresso_7.9.0_455\workspace\LedOn\CMSISv2p00_LPC17xx\lpc17xx.cmsis.driver.library\Include" -I"../inc" -O0 -Os -g3 -Wall -c -fmessage-length=0 -fno-builtin -ffunction-sections -fdata-sections -mcpu=cortex-m3 -mthumb -D__REDLIB__ -specs=redlib.specs -MMD -MP -MF"lpc17xx.cmsis.driver.library/Source/lpc17xx_clkpwr.d" -MT"lpc17xx.cmsis.driver.library/Source/lpc17xx_clkpwr.o" -MT"lpc17xx.cmsis.driver.library/Source/lpc17xx_clkpwr.d" -o "lpc17xx.cmsis.driver.library/Source/lpc17xx_clkpwr.o" "../lpc17xx.cmsis.driver.library/Source/lpc17xx_clkpwr.c"
Finished building: ../lpc17xx.cmsis.driver.library/Source/lpc17xx_clkpwr.c
 
Building file: ../lpc17xx.cmsis.driver.library/Source/lpc17xx_dac.c
Invoking: MCU C Compiler
arm-none-eabi-gcc -D__REDLIB__ -DDEBUG -D__CODE_RED -I"C:\Users\Agustinceravolo\Documents\LPCXpresso_7.9.0_455\workspace\LedOn\CMSISv2p00_LPC17xx\lpc17xx.cmsis.driver.library\Include" -I"../inc" -O0 -Os -g3 -Wall -c -fmessage-length=0 -fno-builtin -ffunction-sections -fdata-sections -mcpu=cortex-m3 -mthumb -D__REDLIB__ -specs=redlib.specs -MMD -MP -MF"lpc17xx.cmsis.driver.library/Source/lpc17xx_dac.d" -MT"lpc17xx.cmsis.driver.library/Source/lpc17xx_dac.o" -MT"lpc17xx.cmsis.driver.library/Source/lpc17xx_dac.d" -o "lpc17xx.cmsis.driver.library/Source/lpc17xx_dac.o" "../lpc17xx.cmsis.driver.library/Source/lpc17xx_dac.c"
Finished building: ../lpc17xx.cmsis.driver.library/Source/lpc17xx_dac.c
 
Building file: ../lpc17xx.cmsis.driver.library/Source/lpc17xx_emac.c
Invoking: MCU C Compiler
arm-none-eabi-gcc -D__REDLIB__ -DDEBUG -D__CODE_RED -I"C:\Users\Agustinceravolo\Documents\LPCXpresso_7.9.0_455\workspace\LedOn\CMSISv2p00_LPC17xx\lpc17xx.cmsis.driver.library\Include" -I"../inc" -O0 -Os -g3 -Wall -c -fmessage-length=0 -fno-builtin -ffunction-sections -fdata-sections -mcpu=cortex-m3 -mthumb -D__REDLIB__ -specs=redlib.specs -MMD -MP -MF"lpc17xx.cmsis.driver.library/Source/lpc17xx_emac.d" -MT"lpc17xx.cmsis.driver.library/Source/lpc17xx_emac.o" -MT"lpc17xx.cmsis.driver.library/Source/lpc17xx_emac.d" -o "lpc17xx.cmsis.driver.library/Source/lpc17xx_emac.o" "../lpc17xx.cmsis.driver.library/Source/lpc17xx_emac.c"
../lpc17xx.cmsis.driver.library/Source/lpc17xx_emac.c: In function 'EMAC_Init':
../lpc17xx.cmsis.driver.library/Source/lpc17xx_emac.c:304:2: warning: implicit declaration of function 'vTaskDelay' [-Wimplicit-function-declaration]
  vTaskDelay( 2 );
  ^
Finished building: ../lpc17xx.cmsis.driver.library/Source/lpc17xx_emac.c
 
Building file: ../lpc17xx.cmsis.driver.library/Source/lpc17xx_exti.c
Invoking: MCU C Compiler
arm-none-eabi-gcc -D__REDLIB__ -DDEBUG -D__CODE_RED -I"C:\Users\Agustinceravolo\Documents\LPCXpresso_7.9.0_455\workspace\LedOn\CMSISv2p00_LPC17xx\lpc17xx.cmsis.driver.library\Include" -I"../inc" -O0 -Os -g3 -Wall -c -fmessage-length=0 -fno-builtin -ffunction-sections -fdata-sections -mcpu=cortex-m3 -mthumb -D__REDLIB__ -specs=redlib.specs -MMD -MP -MF"lpc17xx.cmsis.driver.library/Source/lpc17xx_exti.d" -MT"lpc17xx.cmsis.driver.library/Source/lpc17xx_exti.o" -MT"lpc17xx.cmsis.driver.library/Source/lpc17xx_exti.d" -o "lpc17xx.cmsis.driver.library/Source/lpc17xx_exti.o" "../lpc17xx.cmsis.driver.library/Source/lpc17xx_exti.c"
Finished building: ../lpc17xx.cmsis.driver.library/Source/lpc17xx_exti.c
 
Building file: ../lpc17xx.cmsis.driver.library/Source/lpc17xx_gpdma.c
Invoking: MCU C Compiler
arm-none-eabi-gcc -D__REDLIB__ -DDEBUG -D__CODE_RED -I"C:\Users\Agustinceravolo\Documents\LPCXpresso_7.9.0_455\workspace\LedOn\CMSISv2p00_LPC17xx\lpc17xx.cmsis.driver.library\Include" -I"../inc" -O0 -Os -g3 -Wall -c -fmessage-length=0 -fno-builtin -ffunction-sections -fdata-sections -mcpu=cortex-m3 -mthumb -D__REDLIB__ -specs=redlib.specs -MMD -MP -MF"lpc17xx.cmsis.driver.library/Source/lpc17xx_gpdma.d" -MT"lpc17xx.cmsis.driver.library/Source/lpc17xx_gpdma.o" -MT"lpc17xx.cmsis.driver.library/Source/lpc17xx_gpdma.d" -o "lpc17xx.cmsis.driver.library/Source/lpc17xx_gpdma.o" "../lpc17xx.cmsis.driver.library/Source/lpc17xx_gpdma.c"
Finished building: ../lpc17xx.cmsis.driver.library/Source/lpc17xx_gpdma.c
 
Building file: ../lpc17xx.cmsis.driver.library/Source/lpc17xx_gpio.c
Invoking: MCU C Compiler
arm-none-eabi-gcc -D__REDLIB__ -DDEBUG -D__CODE_RED -I"C:\Users\Agustinceravolo\Documents\LPCXpresso_7.9.0_455\workspace\LedOn\CMSISv2p00_LPC17xx\lpc17xx.cmsis.driver.library\Include" -I"../inc" -O0 -Os -g3 -Wall -c -fmessage-length=0 -fno-builtin -ffunction-sections -fdata-sections -mcpu=cortex-m3 -mthumb -D__REDLIB__ -specs=redlib.specs -MMD -MP -MF"lpc17xx.cmsis.driver.library/Source/lpc17xx_gpio.d" -MT"lpc17xx.cmsis.driver.library/Source/lpc17xx_gpio.o" -MT"lpc17xx.cmsis.driver.library/Source/lpc17xx_gpio.d" -o "lpc17xx.cmsis.driver.library/Source/lpc17xx_gpio.o" "../lpc17xx.cmsis.driver.library/Source/lpc17xx_gpio.c"
Finished building: ../lpc17xx.cmsis.driver.library/Source/lpc17xx_gpio.c
 
Building file: ../lpc17xx.cmsis.driver.library/Source/lpc17xx_i2c.c
Invoking: MCU C Compiler
arm-none-eabi-gcc -D__REDLIB__ -DDEBUG -D__CODE_RED -I"C:\Users\Agustinceravolo\Documents\LPCXpresso_7.9.0_455\workspace\LedOn\CMSISv2p00_LPC17xx\lpc17xx.cmsis.driver.library\Include" -I"../inc" -O0 -Os -g3 -Wall -c -fmessage-length=0 -fno-builtin -ffunction-sections -fdata-sections -mcpu=cortex-m3 -mthumb -D__REDLIB__ -specs=redlib.specs -MMD -MP -MF"lpc17xx.cmsis.driver.library/Source/lpc17xx_i2c.d" -MT"lpc17xx.cmsis.driver.library/Source/lpc17xx_i2c.o" -MT"lpc17xx.cmsis.driver.library/Source/lpc17xx_i2c.d" -o "lpc17xx.cmsis.driver.library/Source/lpc17xx_i2c.o" "../lpc17xx.cmsis.driver.library/Source/lpc17xx_i2c.c"
Finished building: ../lpc17xx.cmsis.driver.library/Source/lpc17xx_i2c.c
 
Building file: ../lpc17xx.cmsis.driver.library/Source/lpc17xx_i2s.c
Invoking: MCU C Compiler
arm-none-eabi-gcc -D__REDLIB__ -DDEBUG -D__CODE_RED -I"C:\Users\Agustinceravolo\Documents\LPCXpresso_7.9.0_455\workspace\LedOn\CMSISv2p00_LPC17xx\lpc17xx.cmsis.driver.library\Include" -I"../inc" -O0 -Os -g3 -Wall -c -fmessage-length=0 -fno-builtin -ffunction-sections -fdata-sections -mcpu=cortex-m3 -mthumb -D__REDLIB__ -specs=redlib.specs -MMD -MP -MF"lpc17xx.cmsis.driver.library/Source/lpc17xx_i2s.d" -MT"lpc17xx.cmsis.driver.library/Source/lpc17xx_i2s.o" -MT"lpc17xx.cmsis.driver.library/Source/lpc17xx_i2s.d" -o "lpc17xx.cmsis.driver.library/Source/lpc17xx_i2s.o" "../lpc17xx.cmsis.driver.library/Source/lpc17xx_i2s.c"
Finished building: ../lpc17xx.cmsis.driver.library/Source/lpc17xx_i2s.c
 
Building file: ../lpc17xx.cmsis.driver.library/Source/lpc17xx_libcfg_default.c
Invoking: MCU C Compiler
arm-none-eabi-gcc -D__REDLIB__ -DDEBUG -D__CODE_RED -I"C:\Users\Agustinceravolo\Documents\LPCXpresso_7.9.0_455\workspace\LedOn\CMSISv2p00_LPC17xx\lpc17xx.cmsis.driver.library\Include" -I"../inc" -O0 -Os -g3 -Wall -c -fmessage-length=0 -fno-builtin -ffunction-sections -fdata-sections -mcpu=cortex-m3 -mthumb -D__REDLIB__ -specs=redlib.specs -MMD -MP -MF"lpc17xx.cmsis.driver.library/Source/lpc17xx_libcfg_default.d" -MT"lpc17xx.cmsis.driver.library/Source/lpc17xx_libcfg_default.o" -MT"lpc17xx.cmsis.driver.library/Source/lpc17xx_libcfg_default.d" -o "lpc17xx.cmsis.driver.library/Source/lpc17xx_libcfg_default.o" "../lpc17xx.cmsis.driver.library/Source/lpc17xx_libcfg_default.c"
Finished building: ../lpc17xx.cmsis.driver.library/Source/lpc17xx_libcfg_default.c
 
Building file: ../lpc17xx.cmsis.driver.library/Source/lpc17xx_mcpwm.c
Invoking: MCU C Compiler
arm-none-eabi-gcc -D__REDLIB__ -DDEBUG -D__CODE_RED -I"C:\Users\Agustinceravolo\Documents\LPCXpresso_7.9.0_455\workspace\LedOn\CMSISv2p00_LPC17xx\lpc17xx.cmsis.driver.library\Include" -I"../inc" -O0 -Os -g3 -Wall -c -fmessage-length=0 -fno-builtin -ffunction-sections -fdata-sections -mcpu=cortex-m3 -mthumb -D__REDLIB__ -specs=redlib.specs -MMD -MP -MF"lpc17xx.cmsis.driver.library/Source/lpc17xx_mcpwm.d" -MT"lpc17xx.cmsis.driver.library/Source/lpc17xx_mcpwm.o" -MT"lpc17xx.cmsis.driver.library/Source/lpc17xx_mcpwm.d" -o "lpc17xx.cmsis.driver.library/Source/lpc17xx_mcpwm.o" "../lpc17xx.cmsis.driver.library/Source/lpc17xx_mcpwm.c"
Finished building: ../lpc17xx.cmsis.driver.library/Source/lpc17xx_mcpwm.c
 
Building file: ../lpc17xx.cmsis.driver.library/Source/lpc17xx_nvic.c
Invoking: MCU C Compiler
arm-none-eabi-gcc -D__REDLIB__ -DDEBUG -D__CODE_RED -I"C:\Users\Agustinceravolo\Documents\LPCXpresso_7.9.0_455\workspace\LedOn\CMSISv2p00_LPC17xx\lpc17xx.cmsis.driver.library\Include" -I"../inc" -O0 -Os -g3 -Wall -c -fmessage-length=0 -fno-builtin -ffunction-sections -fdata-sections -mcpu=cortex-m3 -mthumb -D__REDLIB__ -specs=redlib.specs -MMD -MP -MF"lpc17xx.cmsis.driver.library/Source/lpc17xx_nvic.d" -MT"lpc17xx.cmsis.driver.library/Source/lpc17xx_nvic.o" -MT"lpc17xx.cmsis.driver.library/Source/lpc17xx_nvic.d" -o "lpc17xx.cmsis.driver.library/Source/lpc17xx_nvic.o" "../lpc17xx.cmsis.driver.library/Source/lpc17xx_nvic.c"
../lpc17xx.cmsis.driver.library/Source/lpc17xx_nvic.c: In function 'NVIC_SCBDeInit':
../lpc17xx.cmsis.driver.library/Source/lpc17xx_nvic.c:107:17: warning: iteration 12u invokes undefined behavior [-Waggressive-loop-optimizations]
   SCB->SHP[tmp] = 0x00;
                 ^
../lpc17xx.cmsis.driver.library/Source/lpc17xx_nvic.c:106:2: note: containing loop
  for (tmp = 0; tmp < 32; tmp++) {
  ^
Finished building: ../lpc17xx.cmsis.driver.library/Source/lpc17xx_nvic.c
 
Building file: ../lpc17xx.cmsis.driver.library/Source/lpc17xx_pinsel.c
Invoking: MCU C Compiler
arm-none-eabi-gcc -D__REDLIB__ -DDEBUG -D__CODE_RED -I"C:\Users\Agustinceravolo\Documents\LPCXpresso_7.9.0_455\workspace\LedOn\CMSISv2p00_LPC17xx\lpc17xx.cmsis.driver.library\Include" -I"../inc" -O0 -Os -g3 -Wall -c -fmessage-length=0 -fno-builtin -ffunction-sections -fdata-sections -mcpu=cortex-m3 -mthumb -D__REDLIB__ -specs=redlib.specs -MMD -MP -MF"lpc17xx.cmsis.driver.library/Source/lpc17xx_pinsel.d" -MT"lpc17xx.cmsis.driver.library/Source/lpc17xx_pinsel.o" -MT"lpc17xx.cmsis.driver.library/Source/lpc17xx_pinsel.d" -o "lpc17xx.cmsis.driver.library/Source/lpc17xx_pinsel.o" "../lpc17xx.cmsis.driver.library/Source/lpc17xx_pinsel.c"
Finished building: ../lpc17xx.cmsis.driver.library/Source/lpc17xx_pinsel.c
 
Building file: ../lpc17xx.cmsis.driver.library/Source/lpc17xx_pwm.c
Invoking: MCU C Compiler
arm-none-eabi-gcc -D__REDLIB__ -DDEBUG -D__CODE_RED -I"C:\Users\Agustinceravolo\Documents\LPCXpresso_7.9.0_455\workspace\LedOn\CMSISv2p00_LPC17xx\lpc17xx.cmsis.driver.library\Include" -I"../inc" -O0 -Os -g3 -Wall -c -fmessage-length=0 -fno-builtin -ffunction-sections -fdata-sections -mcpu=cortex-m3 -mthumb -D__REDLIB__ -specs=redlib.specs -MMD -MP -MF"lpc17xx.cmsis.driver.library/Source/lpc17xx_pwm.d" -MT"lpc17xx.cmsis.driver.library/Source/lpc17xx_pwm.o" -MT"lpc17xx.cmsis.driver.library/Source/lpc17xx_pwm.d" -o "lpc17xx.cmsis.driver.library/Source/lpc17xx_pwm.o" "../lpc17xx.cmsis.driver.library/Source/lpc17xx_pwm.c"
Finished building: ../lpc17xx.cmsis.driver.library/Source/lpc17xx_pwm.c
 
Building file: ../lpc17xx.cmsis.driver.library/Source/lpc17xx_qei.c
Invoking: MCU C Compiler
arm-none-eabi-gcc -D__REDLIB__ -DDEBUG -D__CODE_RED -I"C:\Users\Agustinceravolo\Documents\LPCXpresso_7.9.0_455\workspace\LedOn\CMSISv2p00_LPC17xx\lpc17xx.cmsis.driver.library\Include" -I"../inc" -O0 -Os -g3 -Wall -c -fmessage-length=0 -fno-builtin -ffunction-sections -fdata-sections -mcpu=cortex-m3 -mthumb -D__REDLIB__ -specs=redlib.specs -MMD -MP -MF"lpc17xx.cmsis.driver.library/Source/lpc17xx_qei.d" -MT"lpc17xx.cmsis.driver.library/Source/lpc17xx_qei.o" -MT"lpc17xx.cmsis.driver.library/Source/lpc17xx_qei.d" -o "lpc17xx.cmsis.driver.library/Source/lpc17xx_qei.o" "../lpc17xx.cmsis.driver.library/Source/lpc17xx_qei.c"
Finished building: ../lpc17xx.cmsis.driver.library/Source/lpc17xx_qei.c
 
Building file: ../lpc17xx.cmsis.driver.library/Source/lpc17xx_rit.c
Invoking: MCU C Compiler
arm-none-eabi-gcc -D__REDLIB__ -DDEBUG -D__CODE_RED -I"C:\Users\Agustinceravolo\Documents\LPCXpresso_7.9.0_455\workspace\LedOn\CMSISv2p00_LPC17xx\lpc17xx.cmsis.driver.library\Include" -I"../inc" -O0 -Os -g3 -Wall -c -fmessage-length=0 -fno-builtin -ffunction-sections -fdata-sections -mcpu=cortex-m3 -mthumb -D__REDLIB__ -specs=redlib.specs -MMD -MP -MF"lpc17xx.cmsis.driver.library/Source/lpc17xx_rit.d" -MT"lpc17xx.cmsis.driver.library/Source/lpc17xx_rit.o" -MT"lpc17xx.cmsis.driver.library/Source/lpc17xx_rit.d" -o "lpc17xx.cmsis.driver.library/Source/lpc17xx_rit.o" "../lpc17xx.cmsis.driver.library/Source/lpc17xx_rit.c"
Finished building: ../lpc17xx.cmsis.driver.library/Source/lpc17xx_rit.c
 
Building file: ../lpc17xx.cmsis.driver.library/Source/lpc17xx_rtc.c
Invoking: MCU C Compiler
arm-none-eabi-gcc -D__REDLIB__ -DDEBUG -D__CODE_RED -I"C:\Users\Agustinceravolo\Documents\LPCXpresso_7.9.0_455\workspace\LedOn\CMSISv2p00_LPC17xx\lpc17xx.cmsis.driver.library\Include" -I"../inc" -O0 -Os -g3 -Wall -c -fmessage-length=0 -fno-builtin -ffunction-sections -fdata-sections -mcpu=cortex-m3 -mthumb -D__REDLIB__ -specs=redlib.specs -MMD -MP -MF"lpc17xx.cmsis.driver.library/Source/lpc17xx_rtc.d" -MT"lpc17xx.cmsis.driver.library/Source/lpc17xx_rtc.o" -MT"lpc17xx.cmsis.driver.library/Source/lpc17xx_rtc.d" -o "lpc17xx.cmsis.driver.library/Source/lpc17xx_rtc.o" "../lpc17xx.cmsis.driver.library/Source/lpc17xx_rtc.c"
Finished building: ../lpc17xx.cmsis.driver.library/Source/lpc17xx_rtc.c
 
Building file: ../lpc17xx.cmsis.driver.library/Source/lpc17xx_spi.c
Invoking: MCU C Compiler
arm-none-eabi-gcc -D__REDLIB__ -DDEBUG -D__CODE_RED -I"C:\Users\Agustinceravolo\Documents\LPCXpresso_7.9.0_455\workspace\LedOn\CMSISv2p00_LPC17xx\lpc17xx.cmsis.driver.library\Include" -I"../inc" -O0 -Os -g3 -Wall -c -fmessage-length=0 -fno-builtin -ffunction-sections -fdata-sections -mcpu=cortex-m3 -mthumb -D__REDLIB__ -specs=redlib.specs -MMD -MP -MF"lpc17xx.cmsis.driver.library/Source/lpc17xx_spi.d" -MT"lpc17xx.cmsis.driver.library/Source/lpc17xx_spi.o" -MT"lpc17xx.cmsis.driver.library/Source/lpc17xx_spi.d" -o "lpc17xx.cmsis.driver.library/Source/lpc17xx_spi.o" "../lpc17xx.cmsis.driver.library/Source/lpc17xx_spi.c"
Finished building: ../lpc17xx.cmsis.driver.library/Source/lpc17xx_spi.c
 
Building file: ../lpc17xx.cmsis.driver.library/Source/lpc17xx_ssp.c
Invoking: MCU C Compiler
arm-none-eabi-gcc -D__REDLIB__ -DDEBUG -D__CODE_RED -I"C:\Users\Agustinceravolo\Documents\LPCXpresso_7.9.0_455\workspace\LedOn\CMSISv2p00_LPC17xx\lpc17xx.cmsis.driver.library\Include" -I"../inc" -O0 -Os -g3 -Wall -c -fmessage-length=0 -fno-builtin -ffunction-sections -fdata-sections -mcpu=cortex-m3 -mthumb -D__REDLIB__ -specs=redlib.specs -MMD -MP -MF"lpc17xx.cmsis.driver.library/Source/lpc17xx_ssp.d" -MT"lpc17xx.cmsis.driver.library/Source/lpc17xx_ssp.o" -MT"lpc17xx.cmsis.driver.library/Source/lpc17xx_ssp.d" -o "lpc17xx.cmsis.driver.library/Source/lpc17xx_ssp.o" "../lpc17xx.cmsis.driver.library/Source/lpc17xx_ssp.c"
Finished building: ../lpc17xx.cmsis.driver.library/Source/lpc17xx_ssp.c
 
Building file: ../lpc17xx.cmsis.driver.library/Source/lpc17xx_systick.c
Invoking: MCU C Compiler
arm-none-eabi-gcc -D__REDLIB__ -DDEBUG -D__CODE_RED -I"C:\Users\Agustinceravolo\Documents\LPCXpresso_7.9.0_455\workspace\LedOn\CMSISv2p00_LPC17xx\lpc17xx.cmsis.driver.library\Include" -I"../inc" -O0 -Os -g3 -Wall -c -fmessage-length=0 -fno-builtin -ffunction-sections -fdata-sections -mcpu=cortex-m3 -mthumb -D__REDLIB__ -specs=redlib.specs -MMD -MP -MF"lpc17xx.cmsis.driver.library/Source/lpc17xx_systick.d" -MT"lpc17xx.cmsis.driver.library/Source/lpc17xx_systick.o" -MT"lpc17xx.cmsis.driver.library/Source/lpc17xx_systick.d" -o "lpc17xx.cmsis.driver.library/Source/lpc17xx_systick.o" "../lpc17xx.cmsis.driver.library/Source/lpc17xx_systick.c"
Finished building: ../lpc17xx.cmsis.driver.library/Source/lpc17xx_systick.c
 
Building file: ../lpc17xx.cmsis.driver.library/Source/lpc17xx_timer.c
Invoking: MCU C Compiler
arm-none-eabi-gcc -D__REDLIB__ -DDEBUG -D__CODE_RED -I"C:\Users\Agustinceravolo\Documents\LPCXpresso_7.9.0_455\workspace\LedOn\CMSISv2p00_LPC17xx\lpc17xx.cmsis.driver.library\Include" -I"../inc" -O0 -Os -g3 -Wall -c -fmessage-length=0 -fno-builtin -ffunction-sections -fdata-sections -mcpu=cortex-m3 -mthumb -D__REDLIB__ -specs=redlib.specs -MMD -MP -MF"lpc17xx.cmsis.driver.library/Source/lpc17xx_timer.d" -MT"lpc17xx.cmsis.driver.library/Source/lpc17xx_timer.o" -MT"lpc17xx.cmsis.driver.library/Source/lpc17xx_timer.d" -o "lpc17xx.cmsis.driver.library/Source/lpc17xx_timer.o" "../lpc17xx.cmsis.driver.library/Source/lpc17xx_timer.c"
Finished building: ../lpc17xx.cmsis.driver.library/Source/lpc17xx_timer.c
 
Building file: ../lpc17xx.cmsis.driver.library/Source/lpc17xx_uart.c
Invoking: MCU C Compiler
arm-none-eabi-gcc -D__REDLIB__ -DDEBUG -D__CODE_RED -I"C:\Users\Agustinceravolo\Documents\LPCXpresso_7.9.0_455\workspace\LedOn\CMSISv2p00_LPC17xx\lpc17xx.cmsis.driver.library\Include" -I"../inc" -O0 -Os -g3 -Wall -c -fmessage-length=0 -fno-builtin -ffunction-sections -fdata-sections -mcpu=cortex-m3 -mthumb -D__REDLIB__ -specs=redlib.specs -MMD -MP -MF"lpc17xx.cmsis.driver.library/Source/lpc17xx_uart.d" -MT"lpc17xx.cmsis.driver.library/Source/lpc17xx_uart.o" -MT"lpc17xx.cmsis.driver.library/Source/lpc17xx_uart.d" -o "lpc17xx.cmsis.driver.library/Source/lpc17xx_uart.o" "../lpc17xx.cmsis.driver.library/Source/lpc17xx_uart.c"
Finished building: ../lpc17xx.cmsis.driver.library/Source/lpc17xx_uart.c
 
Building file: ../lpc17xx.cmsis.driver.library/Source/lpc17xx_wdt.c
Invoking: MCU C Compiler
arm-none-eabi-gcc -D__REDLIB__ -DDEBUG -D__CODE_RED -I"C:\Users\Agustinceravolo\Documents\LPCXpresso_7.9.0_455\workspace\LedOn\CMSISv2p00_LPC17xx\lpc17xx.cmsis.driver.library\Include" -I"../inc" -O0 -Os -g3 -Wall -c -fmessage-length=0 -fno-builtin -ffunction-sections -fdata-sections -mcpu=cortex-m3 -mthumb -D__REDLIB__ -specs=redlib.specs -MMD -MP -MF"lpc17xx.cmsis.driver.library/Source/lpc17xx_wdt.d" -MT"lpc17xx.cmsis.driver.library/Source/lpc17xx_wdt.o" -MT"lpc17xx.cmsis.driver.library/Source/lpc17xx_wdt.d" -o "lpc17xx.cmsis.driver.library/Source/lpc17xx_wdt.o" "../lpc17xx.cmsis.driver.library/Source/lpc17xx_wdt.c"
Finished building: ../lpc17xx.cmsis.driver.library/Source/lpc17xx_wdt.c
 
Building target: libCMSISv2p00_LPC17xx.a
Invoking: MCU Archiver
arm-none-eabi-ar -r  "libCMSISv2p00_LPC17xx.a"  ./src/core_cm3.o ./src/system_LPC17xx.o  ./lpc17xx.cmsis.driver.library/Source/lpc17xx_adc.o ./lpc17xx.cmsis.driver.library/Source/lpc17xx_can.o ./lpc17xx.cmsis.driver.library/Source/lpc17xx_clkpwr.o ./lpc17xx.cmsis.driver.library/Source/lpc17xx_dac.o ./lpc17xx.cmsis.driver.library/Source/lpc17xx_emac.o ./lpc17xx.cmsis.driver.library/Source/lpc17xx_exti.o ./lpc17xx.cmsis.driver.library/Source/lpc17xx_gpdma.o ./lpc17xx.cmsis.driver.library/Source/lpc17xx_gpio.o ./lpc17xx.cmsis.driver.library/Source/lpc17xx_i2c.o ./lpc17xx.cmsis.driver.library/Source/lpc17xx_i2s.o ./lpc17xx.cmsis.driver.library/Source/lpc17xx_libcfg_default.o ./lpc17xx.cmsis.driver.library/Source/lpc17xx_mcpwm.o ./lpc17xx.cmsis.driver.library/Source/lpc17xx_nvic.o ./lpc17xx.cmsis.driver.library/Source/lpc17xx_pinsel.o ./lpc17xx.cmsis.driver.library/Source/lpc17xx_pwm.o ./lpc17xx.cmsis.driver.library/Source/lpc17xx_qei.o ./lpc17xx.cmsis.driver.library/Source/lpc17xx_rit.o ./lpc17xx.cmsis.driver.library/Source/lpc17xx_rtc.o ./lpc17xx.cmsis.driver.library/Source/lpc17xx_spi.o ./lpc17xx.cmsis.driver.library/Source/lpc17xx_ssp.o ./lpc17xx.cmsis.driver.library/Source/lpc17xx_systick.o ./lpc17xx.cmsis.driver.library/Source/lpc17xx_timer.o ./lpc17xx.cmsis.driver.library/Source/lpc17xx_uart.o ./lpc17xx.cmsis.driver.library/Source/lpc17xx_wdt.o   
c:\nxp\LPCXpresso_7.9.0_455\lpcxpresso\tools\bin\arm-none-eabi-ar.exe: creating libCMSISv2p00_LPC17xx.a
Finished building target: libCMSISv2p00_LPC17xx.a
 
make --no-print-directory post-build
Performing post-build steps
arm-none-eabi-size libCMSISv2p00_LPC17xx.a ; # arm-none-eabi-objdump -h -S libCMSISv2p00_LPC17xx.a >libCMSISv2p00_LPC17xx.lss
   text	   data	    bss	    dec	    hex	filename
      0	      0	      0	      0	      0	core_cm3.o (ex libCMSISv2p00_LPC17xx.a)
    396	      4	      0	    400	    190	system_LPC17xx.o (ex libCMSISv2p00_LPC17xx.a)
    753	      0	      0	    753	    2f1	lpc17xx_adc.o (ex libCMSISv2p00_LPC17xx.a)
   6025	      0	     10	   6035	   1793	lpc17xx_can.o (ex libCMSISv2p00_LPC17xx.a)
    304	      0	      0	    304	    130	lpc17xx_clkpwr.o (ex libCMSISv2p00_LPC17xx.a)
    289	      0	      0	    289	    121	lpc17xx_dac.o (ex libCMSISv2p00_LPC17xx.a)
   1413	      0	   7752	   9165	   23cd	lpc17xx_emac.o (ex libCMSISv2p00_LPC17xx.a)
    182	      0	      0	    182	     b6	lpc17xx_exti.o (ex libCMSISv2p00_LPC17xx.a)
    883	     32	      0	    915	    393	lpc17xx_gpdma.o (ex libCMSISv2p00_LPC17xx.a)
    748	      0	      0	    748	    2ec	lpc17xx_gpio.o (ex libCMSISv2p00_LPC17xx.a)
   2385	      0	     52	   2437	    985	lpc17xx_i2c.o (ex libCMSISv2p00_LPC17xx.a)
   1687	      0	      0	   1687	    697	lpc17xx_i2s.o (ex libCMSISv2p00_LPC17xx.a)
      2	      0	      0	      2	      2	lpc17xx_libcfg_default.o (ex libCMSISv2p00_LPC17xx.a)
    700	      0	      0	    700	    2bc	lpc17xx_mcpwm.o (ex libCMSISv2p00_LPC17xx.a)
    128	      0	      0	    128	     80	lpc17xx_nvic.o (ex libCMSISv2p00_LPC17xx.a)
    204	      0	      0	    204	     cc	lpc17xx_pinsel.o (ex libCMSISv2p00_LPC17xx.a)
   1641	      0	      0	   1641	    669	lpc17xx_pwm.o (ex libCMSISv2p00_LPC17xx.a)
   1279	      0	      0	   1279	    4ff	lpc17xx_qei.o (ex libCMSISv2p00_LPC17xx.a)
    397	      0	      0	    397	    18d	lpc17xx_rit.o (ex libCMSISv2p00_LPC17xx.a)
   2257	      0	      0	   2257	    8d1	lpc17xx_rtc.o (ex libCMSISv2p00_LPC17xx.a)
    857	      0	      0	    857	    359	lpc17xx_spi.o (ex libCMSISv2p00_LPC17xx.a)
   1559	      0	      0	   1559	    617	lpc17xx_ssp.o (ex libCMSISv2p00_LPC17xx.a)
    321	      0	      0	    321	    141	lpc17xx_systick.o (ex libCMSISv2p00_LPC17xx.a)
   1563	      0	      0	   1563	    61b	lpc17xx_timer.o (ex libCMSISv2p00_LPC17xx.a)
   3004	      0	      0	   3004	    bbc	lpc17xx_uart.o (ex libCMSISv2p00_LPC17xx.a)
    369	      0	      0	    369	    171	lpc17xx_wdt.o (ex libCMSISv2p00_LPC17xx.a)
 
17:10:25 **** Build of configuration Debug for project LedOn ****
make -r all 
Building file: ../src/LedOn.c
Invoking: MCU C Compiler
arm-none-eabi-gcc -DDEBUG -D__CODE_RED -DCORE_M3 -D__USE_CMSIS=CMSISv2p00_LPC17xx -D__LPC17XX__ -D__REDLIB__ -I"C:\Users\Agustinceravolo\Documents\LPCXpresso_7.9.0_455\workspace\LedOn\LedOn\inc" -I"C:\Users\Agustinceravolo\Documents\LPCXpresso_7.9.0_455\workspace\LedOn\CMSISv2p00_LPC17xx\inc" -O0 -g3 -Wall -c -fmessage-length=0 -fno-builtin -ffunction-sections -fdata-sections -mcpu=cortex-m3 -mthumb -specs=redlib.specs -MMD -MP -MF"src/LedOn.d" -MT"src/LedOn.o" -MT"src/LedOn.d" -o "src/LedOn.o" "../src/LedOn.c"
Finished building: ../src/LedOn.c
 
Building file: ../src/cr_startup_lpc175x_6x.c
Invoking: MCU C Compiler
arm-none-eabi-gcc -DDEBUG -D__CODE_RED -DCORE_M3 -D__USE_CMSIS=CMSISv2p00_LPC17xx -D__LPC17XX__ -D__REDLIB__ -I"C:\Users\Agustinceravolo\Documents\LPCXpresso_7.9.0_455\workspace\LedOn\LedOn\inc" -I"C:\Users\Agustinceravolo\Documents\LPCXpresso_7.9.0_455\workspace\LedOn\CMSISv2p00_LPC17xx\inc" -O0 -g3 -Wall -c -fmessage-length=0 -fno-builtin -ffunction-sections -fdata-sections -mcpu=cortex-m3 -mthumb -specs=redlib.specs -MMD -MP -MF"src/cr_startup_lpc175x_6x.d" -MT"src/cr_startup_lpc175x_6x.o" -MT"src/cr_startup_lpc175x_6x.d" -o "src/cr_startup_lpc175x_6x.o" "../src/cr_startup_lpc175x_6x.c"
Finished building: ../src/cr_startup_lpc175x_6x.c
 
Building file: ../src/crp.c
Invoking: MCU C Compiler
arm-none-eabi-gcc -DDEBUG -D__CODE_RED -DCORE_M3 -D__USE_CMSIS=CMSISv2p00_LPC17xx -D__LPC17XX__ -D__REDLIB__ -I"C:\Users\Agustinceravolo\Documents\LPCXpresso_7.9.0_455\workspace\LedOn\LedOn\inc" -I"C:\Users\Agustinceravolo\Documents\LPCXpresso_7.9.0_455\workspace\LedOn\CMSISv2p00_LPC17xx\inc" -O0 -g3 -Wall -c -fmessage-length=0 -fno-builtin -ffunction-sections -fdata-sections -mcpu=cortex-m3 -mthumb -specs=redlib.specs -MMD -MP -MF"src/crp.d" -MT"src/crp.o" -MT"src/crp.d" -o "src/crp.o" "../src/crp.c"
Finished building: ../src/crp.c
 
Building target: LedOn.axf
Invoking: MCU Linker
arm-none-eabi-gcc -nostdlib -L"C:\Users\Agustinceravolo\Documents\LPCXpresso_7.9.0_455\workspace\LedOn\CMSISv2p00_LPC17xx\Debug" -Xlinker -Map="LedOn.map" -Xlinker --gc-sections -mcpu=cortex-m3 -mthumb -T "LedOn_Debug.ld" -o "LedOn.axf"  ./src/LedOn.o ./src/cr_startup_lpc175x_6x.o ./src/crp.o   -lCMSISv2p00_LPC17xx
Finished building target: LedOn.axf
 
make --no-print-directory post-build
Performing post-build steps
arm-none-eabi-size "LedOn.axf"; # arm-none-eabi-objcopy -v -O binary "LedOn.axf" "LedOn.bin" ; # checksum -p LPC1769 -d "LedOn.bin";
   text	   data	    bss	    dec	    hex	filename
   1036	      0	      0	   1036	    40c	LedOn.axf
 
17:11:40 **** Clean-only build of configuration Debug for project CMSISv2p00_LPC17xx ****
make -r clean 
rm -rf  ./src/core_cm3.o ./src/system_LPC17xx.o  ./lpc17xx.cmsis.driver.library/Source/lpc17xx_adc.o ./lpc17xx.cmsis.driver.library/Source/lpc17xx_can.o ./lpc17xx.cmsis.driver.library/Source/lpc17xx_clkpwr.o ./lpc17xx.cmsis.driver.library/Source/lpc17xx_dac.o ./lpc17xx.cmsis.driver.library/Source/lpc17xx_emac.o ./lpc17xx.cmsis.driver.library/Source/lpc17xx_exti.o ./lpc17xx.cmsis.driver.library/Source/lpc17xx_gpdma.o ./lpc17xx.cmsis.driver.library/Source/lpc17xx_gpio.o ./lpc17xx.cmsis.driver.library/Source/lpc17xx_i2c.o ./lpc17xx.cmsis.driver.library/Source/lpc17xx_i2s.o ./lpc17xx.cmsis.driver.library/Source/lpc17xx_libcfg_default.o ./lpc17xx.cmsis.driver.library/Source/lpc17xx_mcpwm.o ./lpc17xx.cmsis.driver.library/Source/lpc17xx_nvic.o ./lpc17xx.cmsis.driver.library/Source/lpc17xx_pinsel.o ./lpc17xx.cmsis.driver.library/Source/lpc17xx_pwm.o ./lpc17xx.cmsis.driver.library/Source/lpc17xx_qei.o ./lpc17xx.cmsis.driver.library/Source/lpc17xx_rit.o ./lpc17xx.cmsis.driver.library/Source/lpc17xx_rtc.o ./lpc17xx.cmsis.driver.library/Source/lpc17xx_spi.o ./lpc17xx.cmsis.driver.library/Source/lpc17xx_ssp.o ./lpc17xx.cmsis.driver.library/Source/lpc17xx_systick.o ./lpc17xx.cmsis.driver.library/Source/lpc17xx_timer.o ./lpc17xx.cmsis.driver.library/Source/lpc17xx_uart.o ./lpc17xx.cmsis.driver.library/Source/lpc17xx_wdt.o  ./src/core_cm3.d ./src/system_LPC17xx.d  ./lpc17xx.cmsis.driver.library/Source/lpc17xx_adc.d ./lpc17xx.cmsis.driver.library/Source/lpc17xx_can.d ./lpc17xx.cmsis.driver.library/Source/lpc17xx_clkpwr.d ./lpc17xx.cmsis.driver.library/Source/lpc17xx_dac.d ./lpc17xx.cmsis.driver.library/Source/lpc17xx_emac.d ./lpc17xx.cmsis.driver.library/Source/lpc17xx_exti.d ./lpc17xx.cmsis.driver.library/Source/lpc17xx_gpdma.d ./lpc17xx.cmsis.driver.library/Source/lpc17xx_gpio.d ./lpc17xx.cmsis.driver.library/Source/lpc17xx_i2c.d ./lpc17xx.cmsis.driver.library/Source/lpc17xx_i2s.d ./lpc17xx.cmsis.driver.library/Source/lpc17xx_libcfg_default.d ./lpc17xx.cmsis.driver.library/Source/lpc17xx_mcpwm.d ./lpc17xx.cmsis.driver.library/Source/lpc17xx_nvic.d ./lpc17xx.cmsis.driver.library/Source/lpc17xx_pinsel.d ./lpc17xx.cmsis.driver.library/Source/lpc17xx_pwm.d ./lpc17xx.cmsis.driver.library/Source/lpc17xx_qei.d ./lpc17xx.cmsis.driver.library/Source/lpc17xx_rit.d ./lpc17xx.cmsis.driver.library/Source/lpc17xx_rtc.d ./lpc17xx.cmsis.driver.library/Source/lpc17xx_spi.d ./lpc17xx.cmsis.driver.library/Source/lpc17xx_ssp.d ./lpc17xx.cmsis.driver.library/Source/lpc17xx_systick.d ./lpc17xx.cmsis.driver.library/Source/lpc17xx_timer.d ./lpc17xx.cmsis.driver.library/Source/lpc17xx_uart.d ./lpc17xx.cmsis.driver.library/Source/lpc17xx_wdt.d  libCMSISv2p00_LPC17xx.a
 
17:11:40 **** Clean-only build of configuration Debug for project LedOn ****
make -r clean 
rm -rf  ./src/LedOn.o ./src/cr_startup_lpc175x_6x.o ./src/crp.o  ./src/LedOn.d ./src/cr_startup_lpc175x_6x.d ./src/crp.d  LedOn.axf
 
17:12:08 **** Clean-only build of configuration Debug for project CMSISv2p00_LPC17xx ****
make -r clean 
rm -rf  ./src/core_cm3.o ./src/system_LPC17xx.o  ./lpc17xx.cmsis.driver.library/Source/lpc17xx_adc.o ./lpc17xx.cmsis.driver.library/Source/lpc17xx_can.o ./lpc17xx.cmsis.driver.library/Source/lpc17xx_clkpwr.o ./lpc17xx.cmsis.driver.library/Source/lpc17xx_dac.o ./lpc17xx.cmsis.driver.library/Source/lpc17xx_emac.o ./lpc17xx.cmsis.driver.library/Source/lpc17xx_exti.o ./lpc17xx.cmsis.driver.library/Source/lpc17xx_gpdma.o ./lpc17xx.cmsis.driver.library/Source/lpc17xx_gpio.o ./lpc17xx.cmsis.driver.library/Source/lpc17xx_i2c.o ./lpc17xx.cmsis.driver.library/Source/lpc17xx_i2s.o ./lpc17xx.cmsis.driver.library/Source/lpc17xx_libcfg_default.o ./lpc17xx.cmsis.driver.library/Source/lpc17xx_mcpwm.o ./lpc17xx.cmsis.driver.library/Source/lpc17xx_nvic.o ./lpc17xx.cmsis.driver.library/Source/lpc17xx_pinsel.o ./lpc17xx.cmsis.driver.library/Source/lpc17xx_pwm.o ./lpc17xx.cmsis.driver.library/Source/lpc17xx_qei.o ./lpc17xx.cmsis.driver.library/Source/lpc17xx_rit.o ./lpc17xx.cmsis.driver.library/Source/lpc17xx_rtc.o ./lpc17xx.cmsis.driver.library/Source/lpc17xx_spi.o ./lpc17xx.cmsis.driver.library/Source/lpc17xx_ssp.o ./lpc17xx.cmsis.driver.library/Source/lpc17xx_systick.o ./lpc17xx.cmsis.driver.library/Source/lpc17xx_timer.o ./lpc17xx.cmsis.driver.library/Source/lpc17xx_uart.o ./lpc17xx.cmsis.driver.library/Source/lpc17xx_wdt.o  ./src/core_cm3.d ./src/system_LPC17xx.d  ./lpc17xx.cmsis.driver.library/Source/lpc17xx_adc.d ./lpc17xx.cmsis.driver.library/Source/lpc17xx_can.d ./lpc17xx.cmsis.driver.library/Source/lpc17xx_clkpwr.d ./lpc17xx.cmsis.driver.library/Source/lpc17xx_dac.d ./lpc17xx.cmsis.driver.library/Source/lpc17xx_emac.d ./lpc17xx.cmsis.driver.library/Source/lpc17xx_exti.d ./lpc17xx.cmsis.driver.library/Source/lpc17xx_gpdma.d ./lpc17xx.cmsis.driver.library/Source/lpc17xx_gpio.d ./lpc17xx.cmsis.driver.library/Source/lpc17xx_i2c.d ./lpc17xx.cmsis.driver.library/Source/lpc17xx_i2s.d ./lpc17xx.cmsis.driver.library/Source/lpc17xx_libcfg_default.d ./lpc17xx.cmsis.driver.library/Source/lpc17xx_mcpwm.d ./lpc17xx.cmsis.driver.library/Source/lpc17xx_nvic.d ./lpc17xx.cmsis.driver.library/Source/lpc17xx_pinsel.d ./lpc17xx.cmsis.driver.library/Source/lpc17xx_pwm.d ./lpc17xx.cmsis.driver.library/Source/lpc17xx_qei.d ./lpc17xx.cmsis.driver.library/Source/lpc17xx_rit.d ./lpc17xx.cmsis.driver.library/Source/lpc17xx_rtc.d ./lpc17xx.cmsis.driver.library/Source/lpc17xx_spi.d ./lpc17xx.cmsis.driver.library/Source/lpc17xx_ssp.d ./lpc17xx.cmsis.driver.library/Source/lpc17xx_systick.d ./lpc17xx.cmsis.driver.library/Source/lpc17xx_timer.d ./lpc17xx.cmsis.driver.library/Source/lpc17xx_uart.d ./lpc17xx.cmsis.driver.library/Source/lpc17xx_wdt.d  libCMSISv2p00_LPC17xx.a
 
17:12:09 **** Clean-only build of configuration Debug for project LedOn ****
make -r clean 
rm -rf  ./src/LedOn.o ./src/cr_startup_lpc175x_6x.o ./src/crp.o  ./src/LedOn.d ./src/cr_startup_lpc175x_6x.d ./src/crp.d  LedOn.axf
 
17:12:11 **** Build of configuration Debug for project CMSISv2p00_LPC17xx ****
make -r all 
Building file: ../src/core_cm3.c
Invoking: MCU C Compiler
arm-none-eabi-gcc -D__REDLIB__ -DDEBUG -D__CODE_RED -I"C:\Users\Agustinceravolo\Documents\LPCXpresso_7.9.0_455\workspace\LedOn\CMSISv2p00_LPC17xx\lpc17xx.cmsis.driver.library\Include" -I"../inc" -O0 -Os -g3 -Wall -c -fmessage-length=0 -fno-builtin -ffunction-sections -fdata-sections -mcpu=cortex-m3 -mthumb -D__REDLIB__ -specs=redlib.specs -MMD -MP -MF"src/core_cm3.d" -MT"src/core_cm3.o" -MT"src/core_cm3.d" -o "src/core_cm3.o" "../src/core_cm3.c"
Finished building: ../src/core_cm3.c
 
Building file: ../src/system_LPC17xx.c
Invoking: MCU C Compiler
arm-none-eabi-gcc -D__REDLIB__ -DDEBUG -D__CODE_RED -I"C:\Users\Agustinceravolo\Documents\LPCXpresso_7.9.0_455\workspace\LedOn\CMSISv2p00_LPC17xx\lpc17xx.cmsis.driver.library\Include" -I"../inc" -O0 -Os -g3 -Wall -c -fmessage-length=0 -fno-builtin -ffunction-sections -fdata-sections -mcpu=cortex-m3 -mthumb -D__REDLIB__ -specs=redlib.specs -MMD -MP -MF"src/system_LPC17xx.d" -MT"src/system_LPC17xx.o" -MT"src/system_LPC17xx.d" -o "src/system_LPC17xx.o" "../src/system_LPC17xx.c"
Finished building: ../src/system_LPC17xx.c
 
Building file: ../lpc17xx.cmsis.driver.library/Source/lpc17xx_adc.c
Invoking: MCU C Compiler
arm-none-eabi-gcc -D__REDLIB__ -DDEBUG -D__CODE_RED -I"C:\Users\Agustinceravolo\Documents\LPCXpresso_7.9.0_455\workspace\LedOn\CMSISv2p00_LPC17xx\lpc17xx.cmsis.driver.library\Include" -I"../inc" -O0 -Os -g3 -Wall -c -fmessage-length=0 -fno-builtin -ffunction-sections -fdata-sections -mcpu=cortex-m3 -mthumb -D__REDLIB__ -specs=redlib.specs -MMD -MP -MF"lpc17xx.cmsis.driver.library/Source/lpc17xx_adc.d" -MT"lpc17xx.cmsis.driver.library/Source/lpc17xx_adc.o" -MT"lpc17xx.cmsis.driver.library/Source/lpc17xx_adc.d" -o "lpc17xx.cmsis.driver.library/Source/lpc17xx_adc.o" "../lpc17xx.cmsis.driver.library/Source/lpc17xx_adc.c"
Finished building: ../lpc17xx.cmsis.driver.library/Source/lpc17xx_adc.c
 
Building file: ../lpc17xx.cmsis.driver.library/Source/lpc17xx_can.c
Invoking: MCU C Compiler
arm-none-eabi-gcc -D__REDLIB__ -DDEBUG -D__CODE_RED -I"C:\Users\Agustinceravolo\Documents\LPCXpresso_7.9.0_455\workspace\LedOn\CMSISv2p00_LPC17xx\lpc17xx.cmsis.driver.library\Include" -I"../inc" -O0 -Os -g3 -Wall -c -fmessage-length=0 -fno-builtin -ffunction-sections -fdata-sections -mcpu=cortex-m3 -mthumb -D__REDLIB__ -specs=redlib.specs -MMD -MP -MF"lpc17xx.cmsis.driver.library/Source/lpc17xx_can.d" -MT"lpc17xx.cmsis.driver.library/Source/lpc17xx_can.o" -MT"lpc17xx.cmsis.driver.library/Source/lpc17xx_can.d" -o "lpc17xx.cmsis.driver.library/Source/lpc17xx_can.o" "../lpc17xx.cmsis.driver.library/Source/lpc17xx_can.c"
../lpc17xx.cmsis.driver.library/Source/lpc17xx_can.c: In function 'CAN_Init':
../lpc17xx.cmsis.driver.library/Source/lpc17xx_can.c:138:11: warning: variable 'temp' set but not used [-Wunused-but-set-variable]
  uint32_t temp;
           ^
Finished building: ../lpc17xx.cmsis.driver.library/Source/lpc17xx_can.c
 
Building file: ../lpc17xx.cmsis.driver.library/Source/lpc17xx_clkpwr.c
Invoking: MCU C Compiler
arm-none-eabi-gcc -D__REDLIB__ -DDEBUG -D__CODE_RED -I"C:\Users\Agustinceravolo\Documents\LPCXpresso_7.9.0_455\workspace\LedOn\CMSISv2p00_LPC17xx\lpc17xx.cmsis.driver.library\Include" -I"../inc" -O0 -Os -g3 -Wall -c -fmessage-length=0 -fno-builtin -ffunction-sections -fdata-sections -mcpu=cortex-m3 -mthumb -D__REDLIB__ -specs=redlib.specs -MMD -MP -MF"lpc17xx.cmsis.driver.library/Source/lpc17xx_clkpwr.d" -MT"lpc17xx.cmsis.driver.library/Source/lpc17xx_clkpwr.o" -MT"lpc17xx.cmsis.driver.library/Source/lpc17xx_clkpwr.d" -o "lpc17xx.cmsis.driver.library/Source/lpc17xx_clkpwr.o" "../lpc17xx.cmsis.driver.library/Source/lpc17xx_clkpwr.c"
Finished building: ../lpc17xx.cmsis.driver.library/Source/lpc17xx_clkpwr.c
 
Building file: ../lpc17xx.cmsis.driver.library/Source/lpc17xx_dac.c
Invoking: MCU C Compiler
arm-none-eabi-gcc -D__REDLIB__ -DDEBUG -D__CODE_RED -I"C:\Users\Agustinceravolo\Documents\LPCXpresso_7.9.0_455\workspace\LedOn\CMSISv2p00_LPC17xx\lpc17xx.cmsis.driver.library\Include" -I"../inc" -O0 -Os -g3 -Wall -c -fmessage-length=0 -fno-builtin -ffunction-sections -fdata-sections -mcpu=cortex-m3 -mthumb -D__REDLIB__ -specs=redlib.specs -MMD -MP -MF"lpc17xx.cmsis.driver.library/Source/lpc17xx_dac.d" -MT"lpc17xx.cmsis.driver.library/Source/lpc17xx_dac.o" -MT"lpc17xx.cmsis.driver.library/Source/lpc17xx_dac.d" -o "lpc17xx.cmsis.driver.library/Source/lpc17xx_dac.o" "../lpc17xx.cmsis.driver.library/Source/lpc17xx_dac.c"
Finished building: ../lpc17xx.cmsis.driver.library/Source/lpc17xx_dac.c
 
Building file: ../lpc17xx.cmsis.driver.library/Source/lpc17xx_emac.c
Invoking: MCU C Compiler
arm-none-eabi-gcc -D__REDLIB__ -DDEBUG -D__CODE_RED -I"C:\Users\Agustinceravolo\Documents\LPCXpresso_7.9.0_455\workspace\LedOn\CMSISv2p00_LPC17xx\lpc17xx.cmsis.driver.library\Include" -I"../inc" -O0 -Os -g3 -Wall -c -fmessage-length=0 -fno-builtin -ffunction-sections -fdata-sections -mcpu=cortex-m3 -mthumb -D__REDLIB__ -specs=redlib.specs -MMD -MP -MF"lpc17xx.cmsis.driver.library/Source/lpc17xx_emac.d" -MT"lpc17xx.cmsis.driver.library/Source/lpc17xx_emac.o" -MT"lpc17xx.cmsis.driver.library/Source/lpc17xx_emac.d" -o "lpc17xx.cmsis.driver.library/Source/lpc17xx_emac.o" "../lpc17xx.cmsis.driver.library/Source/lpc17xx_emac.c"
../lpc17xx.cmsis.driver.library/Source/lpc17xx_emac.c: In function 'EMAC_Init':
../lpc17xx.cmsis.driver.library/Source/lpc17xx_emac.c:304:2: warning: implicit declaration of function 'vTaskDelay' [-Wimplicit-function-declaration]
  vTaskDelay( 2 );
  ^
Finished building: ../lpc17xx.cmsis.driver.library/Source/lpc17xx_emac.c
 
Building file: ../lpc17xx.cmsis.driver.library/Source/lpc17xx_exti.c
Invoking: MCU C Compiler
arm-none-eabi-gcc -D__REDLIB__ -DDEBUG -D__CODE_RED -I"C:\Users\Agustinceravolo\Documents\LPCXpresso_7.9.0_455\workspace\LedOn\CMSISv2p00_LPC17xx\lpc17xx.cmsis.driver.library\Include" -I"../inc" -O0 -Os -g3 -Wall -c -fmessage-length=0 -fno-builtin -ffunction-sections -fdata-sections -mcpu=cortex-m3 -mthumb -D__REDLIB__ -specs=redlib.specs -MMD -MP -MF"lpc17xx.cmsis.driver.library/Source/lpc17xx_exti.d" -MT"lpc17xx.cmsis.driver.library/Source/lpc17xx_exti.o" -MT"lpc17xx.cmsis.driver.library/Source/lpc17xx_exti.d" -o "lpc17xx.cmsis.driver.library/Source/lpc17xx_exti.o" "../lpc17xx.cmsis.driver.library/Source/lpc17xx_exti.c"
Finished building: ../lpc17xx.cmsis.driver.library/Source/lpc17xx_exti.c
 
Building file: ../lpc17xx.cmsis.driver.library/Source/lpc17xx_gpdma.c
Invoking: MCU C Compiler
arm-none-eabi-gcc -D__REDLIB__ -DDEBUG -D__CODE_RED -I"C:\Users\Agustinceravolo\Documents\LPCXpresso_7.9.0_455\workspace\LedOn\CMSISv2p00_LPC17xx\lpc17xx.cmsis.driver.library\Include" -I"../inc" -O0 -Os -g3 -Wall -c -fmessage-length=0 -fno-builtin -ffunction-sections -fdata-sections -mcpu=cortex-m3 -mthumb -D__REDLIB__ -specs=redlib.specs -MMD -MP -MF"lpc17xx.cmsis.driver.library/Source/lpc17xx_gpdma.d" -MT"lpc17xx.cmsis.driver.library/Source/lpc17xx_gpdma.o" -MT"lpc17xx.cmsis.driver.library/Source/lpc17xx_gpdma.d" -o "lpc17xx.cmsis.driver.library/Source/lpc17xx_gpdma.o" "../lpc17xx.cmsis.driver.library/Source/lpc17xx_gpdma.c"
Finished building: ../lpc17xx.cmsis.driver.library/Source/lpc17xx_gpdma.c
 
Building file: ../lpc17xx.cmsis.driver.library/Source/lpc17xx_gpio.c
Invoking: MCU C Compiler
arm-none-eabi-gcc -D__REDLIB__ -DDEBUG -D__CODE_RED -I"C:\Users\Agustinceravolo\Documents\LPCXpresso_7.9.0_455\workspace\LedOn\CMSISv2p00_LPC17xx\lpc17xx.cmsis.driver.library\Include" -I"../inc" -O0 -Os -g3 -Wall -c -fmessage-length=0 -fno-builtin -ffunction-sections -fdata-sections -mcpu=cortex-m3 -mthumb -D__REDLIB__ -specs=redlib.specs -MMD -MP -MF"lpc17xx.cmsis.driver.library/Source/lpc17xx_gpio.d" -MT"lpc17xx.cmsis.driver.library/Source/lpc17xx_gpio.o" -MT"lpc17xx.cmsis.driver.library/Source/lpc17xx_gpio.d" -o "lpc17xx.cmsis.driver.library/Source/lpc17xx_gpio.o" "../lpc17xx.cmsis.driver.library/Source/lpc17xx_gpio.c"
Finished building: ../lpc17xx.cmsis.driver.library/Source/lpc17xx_gpio.c
 
Building file: ../lpc17xx.cmsis.driver.library/Source/lpc17xx_i2c.c
Invoking: MCU C Compiler
arm-none-eabi-gcc -D__REDLIB__ -DDEBUG -D__CODE_RED -I"C:\Users\Agustinceravolo\Documents\LPCXpresso_7.9.0_455\workspace\LedOn\CMSISv2p00_LPC17xx\lpc17xx.cmsis.driver.library\Include" -I"../inc" -O0 -Os -g3 -Wall -c -fmessage-length=0 -fno-builtin -ffunction-sections -fdata-sections -mcpu=cortex-m3 -mthumb -D__REDLIB__ -specs=redlib.specs -MMD -MP -MF"lpc17xx.cmsis.driver.library/Source/lpc17xx_i2c.d" -MT"lpc17xx.cmsis.driver.library/Source/lpc17xx_i2c.o" -MT"lpc17xx.cmsis.driver.library/Source/lpc17xx_i2c.d" -o "lpc17xx.cmsis.driver.library/Source/lpc17xx_i2c.o" "../lpc17xx.cmsis.driver.library/Source/lpc17xx_i2c.c"
Finished building: ../lpc17xx.cmsis.driver.library/Source/lpc17xx_i2c.c
 
Building file: ../lpc17xx.cmsis.driver.library/Source/lpc17xx_i2s.c
Invoking: MCU C Compiler
arm-none-eabi-gcc -D__REDLIB__ -DDEBUG -D__CODE_RED -I"C:\Users\Agustinceravolo\Documents\LPCXpresso_7.9.0_455\workspace\LedOn\CMSISv2p00_LPC17xx\lpc17xx.cmsis.driver.library\Include" -I"../inc" -O0 -Os -g3 -Wall -c -fmessage-length=0 -fno-builtin -ffunction-sections -fdata-sections -mcpu=cortex-m3 -mthumb -D__REDLIB__ -specs=redlib.specs -MMD -MP -MF"lpc17xx.cmsis.driver.library/Source/lpc17xx_i2s.d" -MT"lpc17xx.cmsis.driver.library/Source/lpc17xx_i2s.o" -MT"lpc17xx.cmsis.driver.library/Source/lpc17xx_i2s.d" -o "lpc17xx.cmsis.driver.library/Source/lpc17xx_i2s.o" "../lpc17xx.cmsis.driver.library/Source/lpc17xx_i2s.c"
Finished building: ../lpc17xx.cmsis.driver.library/Source/lpc17xx_i2s.c
 
Building file: ../lpc17xx.cmsis.driver.library/Source/lpc17xx_libcfg_default.c
Invoking: MCU C Compiler
arm-none-eabi-gcc -D__REDLIB__ -DDEBUG -D__CODE_RED -I"C:\Users\Agustinceravolo\Documents\LPCXpresso_7.9.0_455\workspace\LedOn\CMSISv2p00_LPC17xx\lpc17xx.cmsis.driver.library\Include" -I"../inc" -O0 -Os -g3 -Wall -c -fmessage-length=0 -fno-builtin -ffunction-sections -fdata-sections -mcpu=cortex-m3 -mthumb -D__REDLIB__ -specs=redlib.specs -MMD -MP -MF"lpc17xx.cmsis.driver.library/Source/lpc17xx_libcfg_default.d" -MT"lpc17xx.cmsis.driver.library/Source/lpc17xx_libcfg_default.o" -MT"lpc17xx.cmsis.driver.library/Source/lpc17xx_libcfg_default.d" -o "lpc17xx.cmsis.driver.library/Source/lpc17xx_libcfg_default.o" "../lpc17xx.cmsis.driver.library/Source/lpc17xx_libcfg_default.c"
Finished building: ../lpc17xx.cmsis.driver.library/Source/lpc17xx_libcfg_default.c
 
Building file: ../lpc17xx.cmsis.driver.library/Source/lpc17xx_mcpwm.c
Invoking: MCU C Compiler
arm-none-eabi-gcc -D__REDLIB__ -DDEBUG -D__CODE_RED -I"C:\Users\Agustinceravolo\Documents\LPCXpresso_7.9.0_455\workspace\LedOn\CMSISv2p00_LPC17xx\lpc17xx.cmsis.driver.library\Include" -I"../inc" -O0 -Os -g3 -Wall -c -fmessage-length=0 -fno-builtin -ffunction-sections -fdata-sections -mcpu=cortex-m3 -mthumb -D__REDLIB__ -specs=redlib.specs -MMD -MP -MF"lpc17xx.cmsis.driver.library/Source/lpc17xx_mcpwm.d" -MT"lpc17xx.cmsis.driver.library/Source/lpc17xx_mcpwm.o" -MT"lpc17xx.cmsis.driver.library/Source/lpc17xx_mcpwm.d" -o "lpc17xx.cmsis.driver.library/Source/lpc17xx_mcpwm.o" "../lpc17xx.cmsis.driver.library/Source/lpc17xx_mcpwm.c"
Finished building: ../lpc17xx.cmsis.driver.library/Source/lpc17xx_mcpwm.c
 
Building file: ../lpc17xx.cmsis.driver.library/Source/lpc17xx_nvic.c
Invoking: MCU C Compiler
arm-none-eabi-gcc -D__REDLIB__ -DDEBUG -D__CODE_RED -I"C:\Users\Agustinceravolo\Documents\LPCXpresso_7.9.0_455\workspace\LedOn\CMSISv2p00_LPC17xx\lpc17xx.cmsis.driver.library\Include" -I"../inc" -O0 -Os -g3 -Wall -c -fmessage-length=0 -fno-builtin -ffunction-sections -fdata-sections -mcpu=cortex-m3 -mthumb -D__REDLIB__ -specs=redlib.specs -MMD -MP -MF"lpc17xx.cmsis.driver.library/Source/lpc17xx_nvic.d" -MT"lpc17xx.cmsis.driver.library/Source/lpc17xx_nvic.o" -MT"lpc17xx.cmsis.driver.library/Source/lpc17xx_nvic.d" -o "lpc17xx.cmsis.driver.library/Source/lpc17xx_nvic.o" "../lpc17xx.cmsis.driver.library/Source/lpc17xx_nvic.c"
../lpc17xx.cmsis.driver.library/Source/lpc17xx_nvic.c: In function 'NVIC_SCBDeInit':
../lpc17xx.cmsis.driver.library/Source/lpc17xx_nvic.c:107:17: warning: iteration 12u invokes undefined behavior [-Waggressive-loop-optimizations]
   SCB->SHP[tmp] = 0x00;
                 ^
../lpc17xx.cmsis.driver.library/Source/lpc17xx_nvic.c:106:2: note: containing loop
  for (tmp = 0; tmp < 32; tmp++) {
  ^
Finished building: ../lpc17xx.cmsis.driver.library/Source/lpc17xx_nvic.c
 
Building file: ../lpc17xx.cmsis.driver.library/Source/lpc17xx_pinsel.c
Invoking: MCU C Compiler
arm-none-eabi-gcc -D__REDLIB__ -DDEBUG -D__CODE_RED -I"C:\Users\Agustinceravolo\Documents\LPCXpresso_7.9.0_455\workspace\LedOn\CMSISv2p00_LPC17xx\lpc17xx.cmsis.driver.library\Include" -I"../inc" -O0 -Os -g3 -Wall -c -fmessage-length=0 -fno-builtin -ffunction-sections -fdata-sections -mcpu=cortex-m3 -mthumb -D__REDLIB__ -specs=redlib.specs -MMD -MP -MF"lpc17xx.cmsis.driver.library/Source/lpc17xx_pinsel.d" -MT"lpc17xx.cmsis.driver.library/Source/lpc17xx_pinsel.o" -MT"lpc17xx.cmsis.driver.library/Source/lpc17xx_pinsel.d" -o "lpc17xx.cmsis.driver.library/Source/lpc17xx_pinsel.o" "../lpc17xx.cmsis.driver.library/Source/lpc17xx_pinsel.c"
Finished building: ../lpc17xx.cmsis.driver.library/Source/lpc17xx_pinsel.c
 
Building file: ../lpc17xx.cmsis.driver.library/Source/lpc17xx_pwm.c
Invoking: MCU C Compiler
arm-none-eabi-gcc -D__REDLIB__ -DDEBUG -D__CODE_RED -I"C:\Users\Agustinceravolo\Documents\LPCXpresso_7.9.0_455\workspace\LedOn\CMSISv2p00_LPC17xx\lpc17xx.cmsis.driver.library\Include" -I"../inc" -O0 -Os -g3 -Wall -c -fmessage-length=0 -fno-builtin -ffunction-sections -fdata-sections -mcpu=cortex-m3 -mthumb -D__REDLIB__ -specs=redlib.specs -MMD -MP -MF"lpc17xx.cmsis.driver.library/Source/lpc17xx_pwm.d" -MT"lpc17xx.cmsis.driver.library/Source/lpc17xx_pwm.o" -MT"lpc17xx.cmsis.driver.library/Source/lpc17xx_pwm.d" -o "lpc17xx.cmsis.driver.library/Source/lpc17xx_pwm.o" "../lpc17xx.cmsis.driver.library/Source/lpc17xx_pwm.c"
Finished building: ../lpc17xx.cmsis.driver.library/Source/lpc17xx_pwm.c
 
Building file: ../lpc17xx.cmsis.driver.library/Source/lpc17xx_qei.c
Invoking: MCU C Compiler
arm-none-eabi-gcc -D__REDLIB__ -DDEBUG -D__CODE_RED -I"C:\Users\Agustinceravolo\Documents\LPCXpresso_7.9.0_455\workspace\LedOn\CMSISv2p00_LPC17xx\lpc17xx.cmsis.driver.library\Include" -I"../inc" -O0 -Os -g3 -Wall -c -fmessage-length=0 -fno-builtin -ffunction-sections -fdata-sections -mcpu=cortex-m3 -mthumb -D__REDLIB__ -specs=redlib.specs -MMD -MP -MF"lpc17xx.cmsis.driver.library/Source/lpc17xx_qei.d" -MT"lpc17xx.cmsis.driver.library/Source/lpc17xx_qei.o" -MT"lpc17xx.cmsis.driver.library/Source/lpc17xx_qei.d" -o "lpc17xx.cmsis.driver.library/Source/lpc17xx_qei.o" "../lpc17xx.cmsis.driver.library/Source/lpc17xx_qei.c"
Finished building: ../lpc17xx.cmsis.driver.library/Source/lpc17xx_qei.c
 
Building file: ../lpc17xx.cmsis.driver.library/Source/lpc17xx_rit.c
Invoking: MCU C Compiler
arm-none-eabi-gcc -D__REDLIB__ -DDEBUG -D__CODE_RED -I"C:\Users\Agustinceravolo\Documents\LPCXpresso_7.9.0_455\workspace\LedOn\CMSISv2p00_LPC17xx\lpc17xx.cmsis.driver.library\Include" -I"../inc" -O0 -Os -g3 -Wall -c -fmessage-length=0 -fno-builtin -ffunction-sections -fdata-sections -mcpu=cortex-m3 -mthumb -D__REDLIB__ -specs=redlib.specs -MMD -MP -MF"lpc17xx.cmsis.driver.library/Source/lpc17xx_rit.d" -MT"lpc17xx.cmsis.driver.library/Source/lpc17xx_rit.o" -MT"lpc17xx.cmsis.driver.library/Source/lpc17xx_rit.d" -o "lpc17xx.cmsis.driver.library/Source/lpc17xx_rit.o" "../lpc17xx.cmsis.driver.library/Source/lpc17xx_rit.c"
Finished building: ../lpc17xx.cmsis.driver.library/Source/lpc17xx_rit.c
 
Building file: ../lpc17xx.cmsis.driver.library/Source/lpc17xx_rtc.c
Invoking: MCU C Compiler
arm-none-eabi-gcc -D__REDLIB__ -DDEBUG -D__CODE_RED -I"C:\Users\Agustinceravolo\Documents\LPCXpresso_7.9.0_455\workspace\LedOn\CMSISv2p00_LPC17xx\lpc17xx.cmsis.driver.library\Include" -I"../inc" -O0 -Os -g3 -Wall -c -fmessage-length=0 -fno-builtin -ffunction-sections -fdata-sections -mcpu=cortex-m3 -mthumb -D__REDLIB__ -specs=redlib.specs -MMD -MP -MF"lpc17xx.cmsis.driver.library/Source/lpc17xx_rtc.d" -MT"lpc17xx.cmsis.driver.library/Source/lpc17xx_rtc.o" -MT"lpc17xx.cmsis.driver.library/Source/lpc17xx_rtc.d" -o "lpc17xx.cmsis.driver.library/Source/lpc17xx_rtc.o" "../lpc17xx.cmsis.driver.library/Source/lpc17xx_rtc.c"
Finished building: ../lpc17xx.cmsis.driver.library/Source/lpc17xx_rtc.c
 
Building file: ../lpc17xx.cmsis.driver.library/Source/lpc17xx_spi.c
Invoking: MCU C Compiler
arm-none-eabi-gcc -D__REDLIB__ -DDEBUG -D__CODE_RED -I"C:\Users\Agustinceravolo\Documents\LPCXpresso_7.9.0_455\workspace\LedOn\CMSISv2p00_LPC17xx\lpc17xx.cmsis.driver.library\Include" -I"../inc" -O0 -Os -g3 -Wall -c -fmessage-length=0 -fno-builtin -ffunction-sections -fdata-sections -mcpu=cortex-m3 -mthumb -D__REDLIB__ -specs=redlib.specs -MMD -MP -MF"lpc17xx.cmsis.driver.library/Source/lpc17xx_spi.d" -MT"lpc17xx.cmsis.driver.library/Source/lpc17xx_spi.o" -MT"lpc17xx.cmsis.driver.library/Source/lpc17xx_spi.d" -o "lpc17xx.cmsis.driver.library/Source/lpc17xx_spi.o" "../lpc17xx.cmsis.driver.library/Source/lpc17xx_spi.c"
Finished building: ../lpc17xx.cmsis.driver.library/Source/lpc17xx_spi.c
 
Building file: ../lpc17xx.cmsis.driver.library/Source/lpc17xx_ssp.c
Invoking: MCU C Compiler
arm-none-eabi-gcc -D__REDLIB__ -DDEBUG -D__CODE_RED -I"C:\Users\Agustinceravolo\Documents\LPCXpresso_7.9.0_455\workspace\LedOn\CMSISv2p00_LPC17xx\lpc17xx.cmsis.driver.library\Include" -I"../inc" -O0 -Os -g3 -Wall -c -fmessage-length=0 -fno-builtin -ffunction-sections -fdata-sections -mcpu=cortex-m3 -mthumb -D__REDLIB__ -specs=redlib.specs -MMD -MP -MF"lpc17xx.cmsis.driver.library/Source/lpc17xx_ssp.d" -MT"lpc17xx.cmsis.driver.library/Source/lpc17xx_ssp.o" -MT"lpc17xx.cmsis.driver.library/Source/lpc17xx_ssp.d" -o "lpc17xx.cmsis.driver.library/Source/lpc17xx_ssp.o" "../lpc17xx.cmsis.driver.library/Source/lpc17xx_ssp.c"
Finished building: ../lpc17xx.cmsis.driver.library/Source/lpc17xx_ssp.c
 
Building file: ../lpc17xx.cmsis.driver.library/Source/lpc17xx_systick.c
Invoking: MCU C Compiler
arm-none-eabi-gcc -D__REDLIB__ -DDEBUG -D__CODE_RED -I"C:\Users\Agustinceravolo\Documents\LPCXpresso_7.9.0_455\workspace\LedOn\CMSISv2p00_LPC17xx\lpc17xx.cmsis.driver.library\Include" -I"../inc" -O0 -Os -g3 -Wall -c -fmessage-length=0 -fno-builtin -ffunction-sections -fdata-sections -mcpu=cortex-m3 -mthumb -D__REDLIB__ -specs=redlib.specs -MMD -MP -MF"lpc17xx.cmsis.driver.library/Source/lpc17xx_systick.d" -MT"lpc17xx.cmsis.driver.library/Source/lpc17xx_systick.o" -MT"lpc17xx.cmsis.driver.library/Source/lpc17xx_systick.d" -o "lpc17xx.cmsis.driver.library/Source/lpc17xx_systick.o" "../lpc17xx.cmsis.driver.library/Source/lpc17xx_systick.c"
Finished building: ../lpc17xx.cmsis.driver.library/Source/lpc17xx_systick.c
 
Building file: ../lpc17xx.cmsis.driver.library/Source/lpc17xx_timer.c
Invoking: MCU C Compiler
arm-none-eabi-gcc -D__REDLIB__ -DDEBUG -D__CODE_RED -I"C:\Users\Agustinceravolo\Documents\LPCXpresso_7.9.0_455\workspace\LedOn\CMSISv2p00_LPC17xx\lpc17xx.cmsis.driver.library\Include" -I"../inc" -O0 -Os -g3 -Wall -c -fmessage-length=0 -fno-builtin -ffunction-sections -fdata-sections -mcpu=cortex-m3 -mthumb -D__REDLIB__ -specs=redlib.specs -MMD -MP -MF"lpc17xx.cmsis.driver.library/Source/lpc17xx_timer.d" -MT"lpc17xx.cmsis.driver.library/Source/lpc17xx_timer.o" -MT"lpc17xx.cmsis.driver.library/Source/lpc17xx_timer.d" -o "lpc17xx.cmsis.driver.library/Source/lpc17xx_timer.o" "../lpc17xx.cmsis.driver.library/Source/lpc17xx_timer.c"
Finished building: ../lpc17xx.cmsis.driver.library/Source/lpc17xx_timer.c
 
Building file: ../lpc17xx.cmsis.driver.library/Source/lpc17xx_uart.c
Invoking: MCU C Compiler
arm-none-eabi-gcc -D__REDLIB__ -DDEBUG -D__CODE_RED -I"C:\Users\Agustinceravolo\Documents\LPCXpresso_7.9.0_455\workspace\LedOn\CMSISv2p00_LPC17xx\lpc17xx.cmsis.driver.library\Include" -I"../inc" -O0 -Os -g3 -Wall -c -fmessage-length=0 -fno-builtin -ffunction-sections -fdata-sections -mcpu=cortex-m3 -mthumb -D__REDLIB__ -specs=redlib.specs -MMD -MP -MF"lpc17xx.cmsis.driver.library/Source/lpc17xx_uart.d" -MT"lpc17xx.cmsis.driver.library/Source/lpc17xx_uart.o" -MT"lpc17xx.cmsis.driver.library/Source/lpc17xx_uart.d" -o "lpc17xx.cmsis.driver.library/Source/lpc17xx_uart.o" "../lpc17xx.cmsis.driver.library/Source/lpc17xx_uart.c"
Finished building: ../lpc17xx.cmsis.driver.library/Source/lpc17xx_uart.c
 
Building file: ../lpc17xx.cmsis.driver.library/Source/lpc17xx_wdt.c
Invoking: MCU C Compiler
arm-none-eabi-gcc -D__REDLIB__ -DDEBUG -D__CODE_RED -I"C:\Users\Agustinceravolo\Documents\LPCXpresso_7.9.0_455\workspace\LedOn\CMSISv2p00_LPC17xx\lpc17xx.cmsis.driver.library\Include" -I"../inc" -O0 -Os -g3 -Wall -c -fmessage-length=0 -fno-builtin -ffunction-sections -fdata-sections -mcpu=cortex-m3 -mthumb -D__REDLIB__ -specs=redlib.specs -MMD -MP -MF"lpc17xx.cmsis.driver.library/Source/lpc17xx_wdt.d" -MT"lpc17xx.cmsis.driver.library/Source/lpc17xx_wdt.o" -MT"lpc17xx.cmsis.driver.library/Source/lpc17xx_wdt.d" -o "lpc17xx.cmsis.driver.library/Source/lpc17xx_wdt.o" "../lpc17xx.cmsis.driver.library/Source/lpc17xx_wdt.c"
Finished building: ../lpc17xx.cmsis.driver.library/Source/lpc17xx_wdt.c
 
Building target: libCMSISv2p00_LPC17xx.a
Invoking: MCU Archiver
arm-none-eabi-ar -r  "libCMSISv2p00_LPC17xx.a"  ./src/core_cm3.o ./src/system_LPC17xx.o  ./lpc17xx.cmsis.driver.library/Source/lpc17xx_adc.o ./lpc17xx.cmsis.driver.library/Source/lpc17xx_can.o ./lpc17xx.cmsis.driver.library/Source/lpc17xx_clkpwr.o ./lpc17xx.cmsis.driver.library/Source/lpc17xx_dac.o ./lpc17xx.cmsis.driver.library/Source/lpc17xx_emac.o ./lpc17xx.cmsis.driver.library/Source/lpc17xx_exti.o ./lpc17xx.cmsis.driver.library/Source/lpc17xx_gpdma.o ./lpc17xx.cmsis.driver.library/Source/lpc17xx_gpio.o ./lpc17xx.cmsis.driver.library/Source/lpc17xx_i2c.o ./lpc17xx.cmsis.driver.library/Source/lpc17xx_i2s.o ./lpc17xx.cmsis.driver.library/Source/lpc17xx_libcfg_default.o ./lpc17xx.cmsis.driver.library/Source/lpc17xx_mcpwm.o ./lpc17xx.cmsis.driver.library/Source/lpc17xx_nvic.o ./lpc17xx.cmsis.driver.library/Source/lpc17xx_pinsel.o ./lpc17xx.cmsis.driver.library/Source/lpc17xx_pwm.o ./lpc17xx.cmsis.driver.library/Source/lpc17xx_qei.o ./lpc17xx.cmsis.driver.library/Source/lpc17xx_rit.o ./lpc17xx.cmsis.driver.library/Source/lpc17xx_rtc.o ./lpc17xx.cmsis.driver.library/Source/lpc17xx_spi.o ./lpc17xx.cmsis.driver.library/Source/lpc17xx_ssp.o ./lpc17xx.cmsis.driver.library/Source/lpc17xx_systick.o ./lpc17xx.cmsis.driver.library/Source/lpc17xx_timer.o ./lpc17xx.cmsis.driver.library/Source/lpc17xx_uart.o ./lpc17xx.cmsis.driver.library/Source/lpc17xx_wdt.o   
c:\nxp\LPCXpresso_7.9.0_455\lpcxpresso\tools\bin\arm-none-eabi-ar.exe: creating libCMSISv2p00_LPC17xx.a
Finished building target: libCMSISv2p00_LPC17xx.a
 
make --no-print-directory post-build
Performing post-build steps
arm-none-eabi-size libCMSISv2p00_LPC17xx.a ; # arm-none-eabi-objdump -h -S libCMSISv2p00_LPC17xx.a >libCMSISv2p00_LPC17xx.lss
   text	   data	    bss	    dec	    hex	filename
      0	      0	      0	      0	      0	core_cm3.o (ex libCMSISv2p00_LPC17xx.a)
    396	      4	      0	    400	    190	system_LPC17xx.o (ex libCMSISv2p00_LPC17xx.a)
    753	      0	      0	    753	    2f1	lpc17xx_adc.o (ex libCMSISv2p00_LPC17xx.a)
   6025	      0	     10	   6035	   1793	lpc17xx_can.o (ex libCMSISv2p00_LPC17xx.a)
    304	      0	      0	    304	    130	lpc17xx_clkpwr.o (ex libCMSISv2p00_LPC17xx.a)
    289	      0	      0	    289	    121	lpc17xx_dac.o (ex libCMSISv2p00_LPC17xx.a)
   1413	      0	   7752	   9165	   23cd	lpc17xx_emac.o (ex libCMSISv2p00_LPC17xx.a)
    182	      0	      0	    182	     b6	lpc17xx_exti.o (ex libCMSISv2p00_LPC17xx.a)
    883	     32	      0	    915	    393	lpc17xx_gpdma.o (ex libCMSISv2p00_LPC17xx.a)
    748	      0	      0	    748	    2ec	lpc17xx_gpio.o (ex libCMSISv2p00_LPC17xx.a)
   2385	      0	     52	   2437	    985	lpc17xx_i2c.o (ex libCMSISv2p00_LPC17xx.a)
   1687	      0	      0	   1687	    697	lpc17xx_i2s.o (ex libCMSISv2p00_LPC17xx.a)
      2	      0	      0	      2	      2	lpc17xx_libcfg_default.o (ex libCMSISv2p00_LPC17xx.a)
    700	      0	      0	    700	    2bc	lpc17xx_mcpwm.o (ex libCMSISv2p00_LPC17xx.a)
    128	      0	      0	    128	     80	lpc17xx_nvic.o (ex libCMSISv2p00_LPC17xx.a)
    204	      0	      0	    204	     cc	lpc17xx_pinsel.o (ex libCMSISv2p00_LPC17xx.a)
   1641	      0	      0	   1641	    669	lpc17xx_pwm.o (ex libCMSISv2p00_LPC17xx.a)
   1279	      0	      0	   1279	    4ff	lpc17xx_qei.o (ex libCMSISv2p00_LPC17xx.a)
    397	      0	      0	    397	    18d	lpc17xx_rit.o (ex libCMSISv2p00_LPC17xx.a)
   2257	      0	      0	   2257	    8d1	lpc17xx_rtc.o (ex libCMSISv2p00_LPC17xx.a)
    857	      0	      0	    857	    359	lpc17xx_spi.o (ex libCMSISv2p00_LPC17xx.a)
   1559	      0	      0	   1559	    617	lpc17xx_ssp.o (ex libCMSISv2p00_LPC17xx.a)
    321	      0	      0	    321	    141	lpc17xx_systick.o (ex libCMSISv2p00_LPC17xx.a)
   1563	      0	      0	   1563	    61b	lpc17xx_timer.o (ex libCMSISv2p00_LPC17xx.a)
   3004	      0	      0	   3004	    bbc	lpc17xx_uart.o (ex libCMSISv2p00_LPC17xx.a)
    369	      0	      0	    369	    171	lpc17xx_wdt.o (ex libCMSISv2p00_LPC17xx.a)
 
17:12:24 **** Build of configuration Debug for project LedOn ****
make -r all 
Building file: ../src/LedOn.c
Invoking: MCU C Compiler
arm-none-eabi-gcc -DDEBUG -D__CODE_RED -DCORE_M3 -D__USE_CMSIS=CMSISv2p00_LPC17xx -D__LPC17XX__ -D__REDLIB__ -I"C:\Users\Agustinceravolo\Documents\LPCXpresso_7.9.0_455\workspace\LedOn\LedOn\inc" -I"C:\Users\Agustinceravolo\Documents\LPCXpresso_7.9.0_455\workspace\LedOn\CMSISv2p00_LPC17xx\inc" -O0 -g3 -Wall -c -fmessage-length=0 -fno-builtin -ffunction-sections -fdata-sections -mcpu=cortex-m3 -mthumb -specs=redlib.specs -MMD -MP -MF"src/LedOn.d" -MT"src/LedOn.o" -MT"src/LedOn.d" -o "src/LedOn.o" "../src/LedOn.c"
Finished building: ../src/LedOn.c
 
Building file: ../src/cr_startup_lpc175x_6x.c
Invoking: MCU C Compiler
arm-none-eabi-gcc -DDEBUG -D__CODE_RED -DCORE_M3 -D__USE_CMSIS=CMSISv2p00_LPC17xx -D__LPC17XX__ -D__REDLIB__ -I"C:\Users\Agustinceravolo\Documents\LPCXpresso_7.9.0_455\workspace\LedOn\LedOn\inc" -I"C:\Users\Agustinceravolo\Documents\LPCXpresso_7.9.0_455\workspace\LedOn\CMSISv2p00_LPC17xx\inc" -O0 -g3 -Wall -c -fmessage-length=0 -fno-builtin -ffunction-sections -fdata-sections -mcpu=cortex-m3 -mthumb -specs=redlib.specs -MMD -MP -MF"src/cr_startup_lpc175x_6x.d" -MT"src/cr_startup_lpc175x_6x.o" -MT"src/cr_startup_lpc175x_6x.d" -o "src/cr_startup_lpc175x_6x.o" "../src/cr_startup_lpc175x_6x.c"
Finished building: ../src/cr_startup_lpc175x_6x.c
 
Building file: ../src/crp.c
Invoking: MCU C Compiler
arm-none-eabi-gcc -DDEBUG -D__CODE_RED -DCORE_M3 -D__USE_CMSIS=CMSISv2p00_LPC17xx -D__LPC17XX__ -D__REDLIB__ -I"C:\Users\Agustinceravolo\Documents\LPCXpresso_7.9.0_455\workspace\LedOn\LedOn\inc" -I"C:\Users\Agustinceravolo\Documents\LPCXpresso_7.9.0_455\workspace\LedOn\CMSISv2p00_LPC17xx\inc" -O0 -g3 -Wall -c -fmessage-length=0 -fno-builtin -ffunction-sections -fdata-sections -mcpu=cortex-m3 -mthumb -specs=redlib.specs -MMD -MP -MF"src/crp.d" -MT"src/crp.o" -MT"src/crp.d" -o "src/crp.o" "../src/crp.c"
Finished building: ../src/crp.c
 
Building target: LedOn.axf
Invoking: MCU Linker
arm-none-eabi-gcc -nostdlib -L"C:\Users\Agustinceravolo\Documents\LPCXpresso_7.9.0_455\workspace\LedOn\CMSISv2p00_LPC17xx\Debug" -Xlinker -Map="LedOn.map" -Xlinker --gc-sections -mcpu=cortex-m3 -mthumb -T "LedOn_Debug.ld" -o "LedOn.axf"  ./src/LedOn.o ./src/cr_startup_lpc175x_6x.o ./src/crp.o   -lCMSISv2p00_LPC17xx
Finished building target: LedOn.axf
 
make --no-print-directory post-build
Performing post-build steps
arm-none-eabi-size "LedOn.axf"; # arm-none-eabi-objcopy -v -O binary "LedOn.axf" "LedOn.bin" ; # checksum -p LPC1769 -d "LedOn.bin";
   text	   data	    bss	    dec	    hex	filename
   1036	      0	      0	   1036	    40c	LedOn.axf
 
17:12:30 **** Incremental Build of configuration Debug for project CMSISv2p00_LPC17xx ****
make -r all 
make: Nothing to be done for `all'.
17:12:33 **** Incremental Build of configuration Debug for project LedOn ****
make -r all 
make: Nothing to be done for `all'.
17:13:27 **** Incremental Build of configuration Debug for project LedOn ****
make -r all 
make: Nothing to be done for `all'.
17:14:03 **** Clean-only build of configuration Debug for project CMSISv2p00_LPC17xx ****
make -r clean 
rm -rf  ./src/core_cm3.o ./src/system_LPC17xx.o  ./lpc17xx.cmsis.driver.library/Source/lpc17xx_adc.o ./lpc17xx.cmsis.driver.library/Source/lpc17xx_can.o ./lpc17xx.cmsis.driver.library/Source/lpc17xx_clkpwr.o ./lpc17xx.cmsis.driver.library/Source/lpc17xx_dac.o ./lpc17xx.cmsis.driver.library/Source/lpc17xx_emac.o ./lpc17xx.cmsis.driver.library/Source/lpc17xx_exti.o ./lpc17xx.cmsis.driver.library/Source/lpc17xx_gpdma.o ./lpc17xx.cmsis.driver.library/Source/lpc17xx_gpio.o ./lpc17xx.cmsis.driver.library/Source/lpc17xx_i2c.o ./lpc17xx.cmsis.driver.library/Source/lpc17xx_i2s.o ./lpc17xx.cmsis.driver.library/Source/lpc17xx_libcfg_default.o ./lpc17xx.cmsis.driver.library/Source/lpc17xx_mcpwm.o ./lpc17xx.cmsis.driver.library/Source/lpc17xx_nvic.o ./lpc17xx.cmsis.driver.library/Source/lpc17xx_pinsel.o ./lpc17xx.cmsis.driver.library/Source/lpc17xx_pwm.o ./lpc17xx.cmsis.driver.library/Source/lpc17xx_qei.o ./lpc17xx.cmsis.driver.library/Source/lpc17xx_rit.o ./lpc17xx.cmsis.driver.library/Source/lpc17xx_rtc.o ./lpc17xx.cmsis.driver.library/Source/lpc17xx_spi.o ./lpc17xx.cmsis.driver.library/Source/lpc17xx_ssp.o ./lpc17xx.cmsis.driver.library/Source/lpc17xx_systick.o ./lpc17xx.cmsis.driver.library/Source/lpc17xx_timer.o ./lpc17xx.cmsis.driver.library/Source/lpc17xx_uart.o ./lpc17xx.cmsis.driver.library/Source/lpc17xx_wdt.o  ./src/core_cm3.d ./src/system_LPC17xx.d  ./lpc17xx.cmsis.driver.library/Source/lpc17xx_adc.d ./lpc17xx.cmsis.driver.library/Source/lpc17xx_can.d ./lpc17xx.cmsis.driver.library/Source/lpc17xx_clkpwr.d ./lpc17xx.cmsis.driver.library/Source/lpc17xx_dac.d ./lpc17xx.cmsis.driver.library/Source/lpc17xx_emac.d ./lpc17xx.cmsis.driver.library/Source/lpc17xx_exti.d ./lpc17xx.cmsis.driver.library/Source/lpc17xx_gpdma.d ./lpc17xx.cmsis.driver.library/Source/lpc17xx_gpio.d ./lpc17xx.cmsis.driver.library/Source/lpc17xx_i2c.d ./lpc17xx.cmsis.driver.library/Source/lpc17xx_i2s.d ./lpc17xx.cmsis.driver.library/Source/lpc17xx_libcfg_default.d ./lpc17xx.cmsis.driver.library/Source/lpc17xx_mcpwm.d ./lpc17xx.cmsis.driver.library/Source/lpc17xx_nvic.d ./lpc17xx.cmsis.driver.library/Source/lpc17xx_pinsel.d ./lpc17xx.cmsis.driver.library/Source/lpc17xx_pwm.d ./lpc17xx.cmsis.driver.library/Source/lpc17xx_qei.d ./lpc17xx.cmsis.driver.library/Source/lpc17xx_rit.d ./lpc17xx.cmsis.driver.library/Source/lpc17xx_rtc.d ./lpc17xx.cmsis.driver.library/Source/lpc17xx_spi.d ./lpc17xx.cmsis.driver.library/Source/lpc17xx_ssp.d ./lpc17xx.cmsis.driver.library/Source/lpc17xx_systick.d ./lpc17xx.cmsis.driver.library/Source/lpc17xx_timer.d ./lpc17xx.cmsis.driver.library/Source/lpc17xx_uart.d ./lpc17xx.cmsis.driver.library/Source/lpc17xx_wdt.d  libCMSISv2p00_LPC17xx.a
 
17:14:03 **** Clean-only build of configuration Debug for project LedOn ****
make -r clean 
rm -rf  ./src/LedOn.o ./src/cr_startup_lpc175x_6x.o ./src/crp.o  ./src/LedOn.d ./src/cr_startup_lpc175x_6x.d ./src/crp.d  LedOn.axf
 
17:14:07 **** Build of configuration Debug for project CMSISv2p00_LPC17xx ****
make -r all 
Building file: ../src/core_cm3.c
Invoking: MCU C Compiler
arm-none-eabi-gcc -D__REDLIB__ -DDEBUG -D__CODE_RED -I"C:\Users\Agustinceravolo\Documents\LPCXpresso_7.9.0_455\workspace\LedOn\CMSISv2p00_LPC17xx\lpc17xx.cmsis.driver.library\Include" -I"../inc" -O0 -Os -g3 -Wall -c -fmessage-length=0 -fno-builtin -ffunction-sections -fdata-sections -mcpu=cortex-m3 -mthumb -D__REDLIB__ -specs=redlib.specs -MMD -MP -MF"src/core_cm3.d" -MT"src/core_cm3.o" -MT"src/core_cm3.d" -o "src/core_cm3.o" "../src/core_cm3.c"
Finished building: ../src/core_cm3.c
 
Building file: ../src/system_LPC17xx.c
Invoking: MCU C Compiler
arm-none-eabi-gcc -D__REDLIB__ -DDEBUG -D__CODE_RED -I"C:\Users\Agustinceravolo\Documents\LPCXpresso_7.9.0_455\workspace\LedOn\CMSISv2p00_LPC17xx\lpc17xx.cmsis.driver.library\Include" -I"../inc" -O0 -Os -g3 -Wall -c -fmessage-length=0 -fno-builtin -ffunction-sections -fdata-sections -mcpu=cortex-m3 -mthumb -D__REDLIB__ -specs=redlib.specs -MMD -MP -MF"src/system_LPC17xx.d" -MT"src/system_LPC17xx.o" -MT"src/system_LPC17xx.d" -o "src/system_LPC17xx.o" "../src/system_LPC17xx.c"
Finished building: ../src/system_LPC17xx.c
 
Building file: ../lpc17xx.cmsis.driver.library/Source/lpc17xx_adc.c
Invoking: MCU C Compiler
arm-none-eabi-gcc -D__REDLIB__ -DDEBUG -D__CODE_RED -I"C:\Users\Agustinceravolo\Documents\LPCXpresso_7.9.0_455\workspace\LedOn\CMSISv2p00_LPC17xx\lpc17xx.cmsis.driver.library\Include" -I"../inc" -O0 -Os -g3 -Wall -c -fmessage-length=0 -fno-builtin -ffunction-sections -fdata-sections -mcpu=cortex-m3 -mthumb -D__REDLIB__ -specs=redlib.specs -MMD -MP -MF"lpc17xx.cmsis.driver.library/Source/lpc17xx_adc.d" -MT"lpc17xx.cmsis.driver.library/Source/lpc17xx_adc.o" -MT"lpc17xx.cmsis.driver.library/Source/lpc17xx_adc.d" -o "lpc17xx.cmsis.driver.library/Source/lpc17xx_adc.o" "../lpc17xx.cmsis.driver.library/Source/lpc17xx_adc.c"
Finished building: ../lpc17xx.cmsis.driver.library/Source/lpc17xx_adc.c
 
Building file: ../lpc17xx.cmsis.driver.library/Source/lpc17xx_can.c
Invoking: MCU C Compiler
arm-none-eabi-gcc -D__REDLIB__ -DDEBUG -D__CODE_RED -I"C:\Users\Agustinceravolo\Documents\LPCXpresso_7.9.0_455\workspace\LedOn\CMSISv2p00_LPC17xx\lpc17xx.cmsis.driver.library\Include" -I"../inc" -O0 -Os -g3 -Wall -c -fmessage-length=0 -fno-builtin -ffunction-sections -fdata-sections -mcpu=cortex-m3 -mthumb -D__REDLIB__ -specs=redlib.specs -MMD -MP -MF"lpc17xx.cmsis.driver.library/Source/lpc17xx_can.d" -MT"lpc17xx.cmsis.driver.library/Source/lpc17xx_can.o" -MT"lpc17xx.cmsis.driver.library/Source/lpc17xx_can.d" -o "lpc17xx.cmsis.driver.library/Source/lpc17xx_can.o" "../lpc17xx.cmsis.driver.library/Source/lpc17xx_can.c"
../lpc17xx.cmsis.driver.library/Source/lpc17xx_can.c: In function 'CAN_Init':
../lpc17xx.cmsis.driver.library/Source/lpc17xx_can.c:138:11: warning: variable 'temp' set but not used [-Wunused-but-set-variable]
  uint32_t temp;
           ^
Finished building: ../lpc17xx.cmsis.driver.library/Source/lpc17xx_can.c
 
Building file: ../lpc17xx.cmsis.driver.library/Source/lpc17xx_clkpwr.c
Invoking: MCU C Compiler
arm-none-eabi-gcc -D__REDLIB__ -DDEBUG -D__CODE_RED -I"C:\Users\Agustinceravolo\Documents\LPCXpresso_7.9.0_455\workspace\LedOn\CMSISv2p00_LPC17xx\lpc17xx.cmsis.driver.library\Include" -I"../inc" -O0 -Os -g3 -Wall -c -fmessage-length=0 -fno-builtin -ffunction-sections -fdata-sections -mcpu=cortex-m3 -mthumb -D__REDLIB__ -specs=redlib.specs -MMD -MP -MF"lpc17xx.cmsis.driver.library/Source/lpc17xx_clkpwr.d" -MT"lpc17xx.cmsis.driver.library/Source/lpc17xx_clkpwr.o" -MT"lpc17xx.cmsis.driver.library/Source/lpc17xx_clkpwr.d" -o "lpc17xx.cmsis.driver.library/Source/lpc17xx_clkpwr.o" "../lpc17xx.cmsis.driver.library/Source/lpc17xx_clkpwr.c"
Finished building: ../lpc17xx.cmsis.driver.library/Source/lpc17xx_clkpwr.c
 
Building file: ../lpc17xx.cmsis.driver.library/Source/lpc17xx_dac.c
Invoking: MCU C Compiler
arm-none-eabi-gcc -D__REDLIB__ -DDEBUG -D__CODE_RED -I"C:\Users\Agustinceravolo\Documents\LPCXpresso_7.9.0_455\workspace\LedOn\CMSISv2p00_LPC17xx\lpc17xx.cmsis.driver.library\Include" -I"../inc" -O0 -Os -g3 -Wall -c -fmessage-length=0 -fno-builtin -ffunction-sections -fdata-sections -mcpu=cortex-m3 -mthumb -D__REDLIB__ -specs=redlib.specs -MMD -MP -MF"lpc17xx.cmsis.driver.library/Source/lpc17xx_dac.d" -MT"lpc17xx.cmsis.driver.library/Source/lpc17xx_dac.o" -MT"lpc17xx.cmsis.driver.library/Source/lpc17xx_dac.d" -o "lpc17xx.cmsis.driver.library/Source/lpc17xx_dac.o" "../lpc17xx.cmsis.driver.library/Source/lpc17xx_dac.c"
Finished building: ../lpc17xx.cmsis.driver.library/Source/lpc17xx_dac.c
 
Building file: ../lpc17xx.cmsis.driver.library/Source/lpc17xx_emac.c
Invoking: MCU C Compiler
arm-none-eabi-gcc -D__REDLIB__ -DDEBUG -D__CODE_RED -I"C:\Users\Agustinceravolo\Documents\LPCXpresso_7.9.0_455\workspace\LedOn\CMSISv2p00_LPC17xx\lpc17xx.cmsis.driver.library\Include" -I"../inc" -O0 -Os -g3 -Wall -c -fmessage-length=0 -fno-builtin -ffunction-sections -fdata-sections -mcpu=cortex-m3 -mthumb -D__REDLIB__ -specs=redlib.specs -MMD -MP -MF"lpc17xx.cmsis.driver.library/Source/lpc17xx_emac.d" -MT"lpc17xx.cmsis.driver.library/Source/lpc17xx_emac.o" -MT"lpc17xx.cmsis.driver.library/Source/lpc17xx_emac.d" -o "lpc17xx.cmsis.driver.library/Source/lpc17xx_emac.o" "../lpc17xx.cmsis.driver.library/Source/lpc17xx_emac.c"
../lpc17xx.cmsis.driver.library/Source/lpc17xx_emac.c: In function 'EMAC_Init':
../lpc17xx.cmsis.driver.library/Source/lpc17xx_emac.c:304:2: warning: implicit declaration of function 'vTaskDelay' [-Wimplicit-function-declaration]
  vTaskDelay( 2 );
  ^
Finished building: ../lpc17xx.cmsis.driver.library/Source/lpc17xx_emac.c
 
Building file: ../lpc17xx.cmsis.driver.library/Source/lpc17xx_exti.c
Invoking: MCU C Compiler
[...]
Finished building: ../lpc17xx.cmsis.driver.library/Source/lpc17xx_mcpwm.c
 
Building file: ../lpc17xx.cmsis.driver.library/Source/lpc17xx_nvic.c
Invoking: MCU C Compiler
arm-none-eabi-gcc -D__REDLIB__ -DDEBUG -D__CODE_RED -I"C:\Users\Agustinceravolo\Documents\LPCXpresso_7.9.0_455\workspace\LedOn\CMSISv2p00_LPC17xx\lpc17xx.cmsis.driver.library\Include" -I"../inc" -O0 -Os -g3 -Wall -c -fmessage-length=0 -fno-builtin -ffunction-sections -fdata-sections -mcpu=cortex-m3 -mthumb -D__REDLIB__ -specs=redlib.specs -MMD -MP -MF"lpc17xx.cmsis.driver.library/Source/lpc17xx_nvic.d" -MT"lpc17xx.cmsis.driver.library/Source/lpc17xx_nvic.o" -MT"lpc17xx.cmsis.driver.library/Source/lpc17xx_nvic.d" -o "lpc17xx.cmsis.driver.library/Source/lpc17xx_nvic.o" "../lpc17xx.cmsis.driver.library/Source/lpc17xx_nvic.c"
../lpc17xx.cmsis.driver.library/Source/lpc17xx_nvic.c: In function 'NVIC_SCBDeInit':
../lpc17xx.cmsis.driver.library/Source/lpc17xx_nvic.c:107:17: warning: iteration 12u invokes undefined behavior [-Waggressive-loop-optimizations]
   SCB->SHP[tmp] = 0x00;
                 ^
../lpc17xx.cmsis.driver.library/Source/lpc17xx_nvic.c:106:2: note: containing loop
  for (tmp = 0; tmp < 32; tmp++) {
  ^
Finished building: ../lpc17xx.cmsis.driver.library/Source/lpc17xx_nvic.c
 
Building file: ../lpc17xx.cmsis.driver.library/Source/lpc17xx_pinsel.c
Invoking: MCU C Compiler
arm-none-eabi-gcc -D__REDLIB__ -DDEBUG -D__CODE_RED -I"C:\Users\Agustinceravolo\Documents\LPCXpresso_7.9.0_455\workspace\LedOn\CMSISv2p00_LPC17xx\lpc17xx.cmsis.driver.library\Include" -I"../inc" -O0 -Os -g3 -Wall -c -fmessage-length=0 -fno-builtin -ffunction-sections -fdata-sections -mcpu=cortex-m3 -mthumb -D__REDLIB__ -specs=redlib.specs -MMD -MP -MF"lpc17xx.cmsis.driver.library/Source/lpc17xx_pinsel.d" -MT"lpc17xx.cmsis.driver.library/Source/lpc17xx_pinsel.o" -MT"lpc17xx.cmsis.driver.library/Source/lpc17xx_pinsel.d" -o "lpc17xx.cmsis.driver.library/Source/lpc17xx_pinsel.o" "../lpc17xx.cmsis.driver.library/Source/lpc17xx_pinsel.c"
Finished building: ../lpc17xx.cmsis.driver.library/Source/lpc17xx_pinsel.c
 
Building file: ../lpc17xx.cmsis.driver.library/Source/lpc17xx_pwm.c
Invoking: MCU C Compiler
arm-none-eabi-gcc -D__REDLIB__ -DDEBUG -D__CODE_RED -I"C:\Users\Agustinceravolo\Documents\LPCXpresso_7.9.0_455\workspace\LedOn\CMSISv2p00_LPC17xx\lpc17xx.cmsis.driver.library\Include" -I"../inc" -O0 -Os -g3 -Wall -c -fmessage-length=0 -fno-builtin -ffunction-sections -fdata-sections -mcpu=cortex-m3 -mthumb -D__REDLIB__ -specs=redlib.specs -MMD -MP -MF"lpc17xx.cmsis.driver.library/Source/lpc17xx_pwm.d" -MT"lpc17xx.cmsis.driver.library/Source/lpc17xx_pwm.o" -MT"lpc17xx.cmsis.driver.library/Source/lpc17xx_pwm.d" -o "lpc17xx.cmsis.driver.library/Source/lpc17xx_pwm.o" "../lpc17xx.cmsis.driver.library/Source/lpc17xx_pwm.c"
Finished building: ../lpc17xx.cmsis.driver.library/Source/lpc17xx_pwm.c
 
Building file: ../lpc17xx.cmsis.driver.library/Source/lpc17xx_qei.c
Invoking: MCU C Compiler
arm-none-eabi-gcc -D__REDLIB__ -DDEBUG -D__CODE_RED -I"C:\Users\Agustinceravolo\Documents\LPCXpresso_7.9.0_455\workspace\LedOn\CMSISv2p00_LPC17xx\lpc17xx.cmsis.driver.library\Include" -I"../inc" -O0 -Os -g3 -Wall -c -fmessage-length=0 -fno-builtin -ffunction-sections -fdata-sections -mcpu=cortex-m3 -mthumb -D__REDLIB__ -specs=redlib.specs -MMD -MP -MF"lpc17xx.cmsis.driver.library/Source/lpc17xx_qei.d" -MT"lpc17xx.cmsis.driver.library/Source/lpc17xx_qei.o" -MT"lpc17xx.cmsis.driver.library/Source/lpc17xx_qei.d" -o "lpc17xx.cmsis.driver.library/Source/lpc17xx_qei.o" "../lpc17xx.cmsis.driver.library/Source/lpc17xx_qei.c"
Finished building: ../lpc17xx.cmsis.driver.library/Source/lpc17xx_qei.c
 
Building file: ../lpc17xx.cmsis.driver.library/Source/lpc17xx_rit.c
Invoking: MCU C Compiler
arm-none-eabi-gcc -D__REDLIB__ -DDEBUG -D__CODE_RED -I"C:\Users\Agustinceravolo\Documents\LPCXpresso_7.9.0_455\workspace\LedOn\CMSISv2p00_LPC17xx\lpc17xx.cmsis.driver.library\Include" -I"../inc" -O0 -Os -g3 -Wall -c -fmessage-length=0 -fno-builtin -ffunction-sections -fdata-sections -mcpu=cortex-m3 -mthumb -D__REDLIB__ -specs=redlib.specs -MMD -MP -MF"lpc17xx.cmsis.driver.library/Source/lpc17xx_rit.d" -MT"lpc17xx.cmsis.driver.library/Source/lpc17xx_rit.o" -MT"lpc17xx.cmsis.driver.library/Source/lpc17xx_rit.d" -o "lpc17xx.cmsis.driver.library/Source/lpc17xx_rit.o" "../lpc17xx.cmsis.driver.library/Source/lpc17xx_rit.c"
Finished building: ../lpc17xx.cmsis.driver.library/Source/lpc17xx_rit.c
 
Building file: ../lpc17xx.cmsis.driver.library/Source/lpc17xx_rtc.c
Invoking: MCU C Compiler
arm-none-eabi-gcc -D__REDLIB__ -DDEBUG -D__CODE_RED -I"C:\Users\Agustinceravolo\Documents\LPCXpresso_7.9.0_455\workspace\LedOn\CMSISv2p00_LPC17xx\lpc17xx.cmsis.driver.library\Include" -I"../inc" -O0 -Os -g3 -Wall -c -fmessage-length=0 -fno-builtin -ffunction-sections -fdata-sections -mcpu=cortex-m3 -mthumb -D__REDLIB__ -specs=redlib.specs -MMD -MP -MF"lpc17xx.cmsis.driver.library/Source/lpc17xx_rtc.d" -MT"lpc17xx.cmsis.driver.library/Source/lpc17xx_rtc.o" -MT"lpc17xx.cmsis.driver.library/Source/lpc17xx_rtc.d" -o "lpc17xx.cmsis.driver.library/Source/lpc17xx_rtc.o" "../lpc17xx.cmsis.driver.library/Source/lpc17xx_rtc.c"
Finished building: ../lpc17xx.cmsis.driver.library/Source/lpc17xx_rtc.c
 
Building file: ../lpc17xx.cmsis.driver.library/Source/lpc17xx_spi.c
Invoking: MCU C Compiler
arm-none-eabi-gcc -D__REDLIB__ -DDEBUG -D__CODE_RED -I"C:\Users\Agustinceravolo\Documents\LPCXpresso_7.9.0_455\workspace\LedOn\CMSISv2p00_LPC17xx\lpc17xx.cmsis.driver.library\Include" -I"../inc" -O0 -Os -g3 -Wall -c -fmessage-length=0 -fno-builtin -ffunction-sections -fdata-sections -mcpu=cortex-m3 -mthumb -D__REDLIB__ -specs=redlib.specs -MMD -MP -MF"lpc17xx.cmsis.driver.library/Source/lpc17xx_spi.d" -MT"lpc17xx.cmsis.driver.library/Source/lpc17xx_spi.o" -MT"lpc17xx.cmsis.driver.library/Source/lpc17xx_spi.d" -o "lpc17xx.cmsis.driver.library/Source/lpc17xx_spi.o" "../lpc17xx.cmsis.driver.library/Source/lpc17xx_spi.c"
Finished building: ../lpc17xx.cmsis.driver.library/Source/lpc17xx_spi.c
 
Building file: ../lpc17xx.cmsis.driver.library/Source/lpc17xx_ssp.c
Invoking: MCU C Compiler
arm-none-eabi-gcc -D__REDLIB__ -DDEBUG -D__CODE_RED -I"C:\Users\Agustinceravolo\Documents\LPCXpresso_7.9.0_455\workspace\LedOn\CMSISv2p00_LPC17xx\lpc17xx.cmsis.driver.library\Include" -I"../inc" -O0 -Os -g3 -Wall -c -fmessage-length=0 -fno-builtin -ffunction-sections -fdata-sections -mcpu=cortex-m3 -mthumb -D__REDLIB__ -specs=redlib.specs -MMD -MP -MF"lpc17xx.cmsis.driver.library/Source/lpc17xx_ssp.d" -MT"lpc17xx.cmsis.driver.library/Source/lpc17xx_ssp.o" -MT"lpc17xx.cmsis.driver.library/Source/lpc17xx_ssp.d" -o "lpc17xx.cmsis.driver.library/Source/lpc17xx_ssp.o" "../lpc17xx.cmsis.driver.library/Source/lpc17xx_ssp.c"
Finished building: ../lpc17xx.cmsis.driver.library/Source/lpc17xx_ssp.c
 
Building file: ../lpc17xx.cmsis.driver.library/Source/lpc17xx_systick.c
Invoking: MCU C Compiler
arm-none-eabi-gcc -D__REDLIB__ -DDEBUG -D__CODE_RED -I"C:\Users\Agustinceravolo\Documents\LPCXpresso_7.9.0_455\workspace\LedOn\CMSISv2p00_LPC17xx\lpc17xx.cmsis.driver.library\Include" -I"../inc" -O0 -Os -g3 -Wall -c -fmessage-length=0 -fno-builtin -ffunction-sections -fdata-sections -mcpu=cortex-m3 -mthumb -D__REDLIB__ -specs=redlib.specs -MMD -MP -MF"lpc17xx.cmsis.driver.library/Source/lpc17xx_systick.d" -MT"lpc17xx.cmsis.driver.library/Source/lpc17xx_systick.o" -MT"lpc17xx.cmsis.driver.library/Source/lpc17xx_systick.d" -o "lpc17xx.cmsis.driver.library/Source/lpc17xx_systick.o" "../lpc17xx.cmsis.driver.library/Source/lpc17xx_systick.c"
Finished building: ../lpc17xx.cmsis.driver.library/Source/lpc17xx_systick.c
 
Building file: ../lpc17xx.cmsis.driver.library/Source/lpc17xx_timer.c
Invoking: MCU C Compiler
arm-none-eabi-gcc -D__REDLIB__ -DDEBUG -D__CODE_RED -I"C:\Users\Agustinceravolo\Documents\LPCXpresso_7.9.0_455\workspace\LedOn\CMSISv2p00_LPC17xx\lpc17xx.cmsis.driver.library\Include" -I"../inc" -O0 -Os -g3 -Wall -c -fmessage-length=0 -fno-builtin -ffunction-sections -fdata-sections -mcpu=cortex-m3 -mthumb -D__REDLIB__ -specs=redlib.specs -MMD -MP -MF"lpc17xx.cmsis.driver.library/Source/lpc17xx_timer.d" -MT"lpc17xx.cmsis.driver.library/Source/lpc17xx_timer.o" -MT"lpc17xx.cmsis.driver.library/Source/lpc17xx_timer.d" -o "lpc17xx.cmsis.driver.library/Source/lpc17xx_timer.o" "../lpc17xx.cmsis.driver.library/Source/lpc17xx_timer.c"
Finished building: ../lpc17xx.cmsis.driver.library/Source/lpc17xx_timer.c
 
Building file: ../lpc17xx.cmsis.driver.library/Source/lpc17xx_uart.c
Invoking: MCU C Compiler
arm-none-eabi-gcc -D__REDLIB__ -DDEBUG -D__CODE_RED -I"C:\Users\Agustinceravolo\Documents\LPCXpresso_7.9.0_455\workspace\LedOn\CMSISv2p00_LPC17xx\lpc17xx.cmsis.driver.library\Include" -I"../inc" -O0 -Os -g3 -Wall -c -fmessage-length=0 -fno-builtin -ffunction-sections -fdata-sections -mcpu=cortex-m3 -mthumb -D__REDLIB__ -specs=redlib.specs -MMD -MP -MF"lpc17xx.cmsis.driver.library/Source/lpc17xx_uart.d" -MT"lpc17xx.cmsis.driver.library/Source/lpc17xx_uart.o" -MT"lpc17xx.cmsis.driver.library/Source/lpc17xx_uart.d" -o "lpc17xx.cmsis.driver.library/Source/lpc17xx_uart.o" "../lpc17xx.cmsis.driver.library/Source/lpc17xx_uart.c"
Finished building: ../lpc17xx.cmsis.driver.library/Source/lpc17xx_uart.c
 
Building file: ../lpc17xx.cmsis.driver.library/Source/lpc17xx_wdt.c
Invoking: MCU C Compiler
arm-none-eabi-gcc -D__REDLIB__ -DDEBUG -D__CODE_RED -I"C:\Users\Agustinceravolo\Documents\LPCXpresso_7.9.0_455\workspace\LedOn\CMSISv2p00_LPC17xx\lpc17xx.cmsis.driver.library\Include" -I"../inc" -O0 -Os -g3 -Wall -c -fmessage-length=0 -fno-builtin -ffunction-sections -fdata-sections -mcpu=cortex-m3 -mthumb -D__REDLIB__ -specs=redlib.specs -MMD -MP -MF"lpc17xx.cmsis.driver.library/Source/lpc17xx_wdt.d" -MT"lpc17xx.cmsis.driver.library/Source/lpc17xx_wdt.o" -MT"lpc17xx.cmsis.driver.library/Source/lpc17xx_wdt.d" -o "lpc17xx.cmsis.driver.library/Source/lpc17xx_wdt.o" "../lpc17xx.cmsis.driver.library/Source/lpc17xx_wdt.c"
Finished building: ../lpc17xx.cmsis.driver.library/Source/lpc17xx_wdt.c
 
Building target: libCMSISv2p00_LPC17xx.a
Invoking: MCU Archiver
arm-none-eabi-ar -r  "libCMSISv2p00_LPC17xx.a"  ./src/core_cm3.o ./src/system_LPC17xx.o  ./lpc17xx.cmsis.driver.library/Source/lpc17xx_adc.o ./lpc17xx.cmsis.driver.library/Source/lpc17xx_can.o ./lpc17xx.cmsis.driver.library/Source/lpc17xx_clkpwr.o ./lpc17xx.cmsis.driver.library/Source/lpc17xx_dac.o ./lpc17xx.cmsis.driver.library/Source/lpc17xx_emac.o ./lpc17xx.cmsis.driver.library/Source/lpc17xx_exti.o ./lpc17xx.cmsis.driver.library/Source/lpc17xx_gpdma.o ./lpc17xx.cmsis.driver.library/Source/lpc17xx_gpio.o ./lpc17xx.cmsis.driver.library/Source/lpc17xx_i2c.o ./lpc17xx.cmsis.driver.library/Source/lpc17xx_i2s.o ./lpc17xx.cmsis.driver.library/Source/lpc17xx_libcfg_default.o ./lpc17xx.cmsis.driver.library/Source/lpc17xx_mcpwm.o ./lpc17xx.cmsis.driver.library/Source/lpc17xx_nvic.o ./lpc17xx.cmsis.driver.library/Source/lpc17xx_pinsel.o ./lpc17xx.cmsis.driver.library/Source/lpc17xx_pwm.o ./lpc17xx.cmsis.driver.library/Source/lpc17xx_qei.o ./lpc17xx.cmsis.driver.library/Source/lpc17xx_rit.o ./lpc17xx.cmsis.driver.library/Source/lpc17xx_rtc.o ./lpc17xx.cmsis.driver.library/Source/lpc17xx_spi.o ./lpc17xx.cmsis.driver.library/Source/lpc17xx_ssp.o ./lpc17xx.cmsis.driver.library/Source/lpc17xx_systick.o ./lpc17xx.cmsis.driver.library/Source/lpc17xx_timer.o ./lpc17xx.cmsis.driver.library/Source/lpc17xx_uart.o ./lpc17xx.cmsis.driver.library/Source/lpc17xx_wdt.o   
c:\nxp\LPCXpresso_7.9.0_455\lpcxpresso\tools\bin\arm-none-eabi-ar.exe: creating libCMSISv2p00_LPC17xx.a
Finished building target: libCMSISv2p00_LPC17xx.a
 
make --no-print-directory post-build
Performing post-build steps
arm-none-eabi-size libCMSISv2p00_LPC17xx.a ; # arm-none-eabi-objdump -h -S libCMSISv2p00_LPC17xx.a >libCMSISv2p00_LPC17xx.lss
   text	   data	    bss	    dec	    hex	filename
      0	      0	      0	      0	      0	core_cm3.o (ex libCMSISv2p00_LPC17xx.a)
    396	      4	      0	    400	    190	system_LPC17xx.o (ex libCMSISv2p00_LPC17xx.a)
    753	      0	      0	    753	    2f1	lpc17xx_adc.o (ex libCMSISv2p00_LPC17xx.a)
   6025	      0	     10	   6035	   1793	lpc17xx_can.o (ex libCMSISv2p00_LPC17xx.a)
    304	      0	      0	    304	    130	lpc17xx_clkpwr.o (ex libCMSISv2p00_LPC17xx.a)
    289	      0	      0	    289	    121	lpc17xx_dac.o (ex libCMSISv2p00_LPC17xx.a)
   1413	      0	   7752	   9165	   23cd	lpc17xx_emac.o (ex libCMSISv2p00_LPC17xx.a)
    182	      0	      0	    182	     b6	lpc17xx_exti.o (ex libCMSISv2p00_LPC17xx.a)
    883	     32	      0	    915	    393	lpc17xx_gpdma.o (ex libCMSISv2p00_LPC17xx.a)
    748	      0	      0	    748	    2ec	lpc17xx_gpio.o (ex libCMSISv2p00_LPC17xx.a)
   2385	      0	     52	   2437	    985	lpc17xx_i2c.o (ex libCMSISv2p00_LPC17xx.a)
   1687	      0	      0	   1687	    697	lpc17xx_i2s.o (ex libCMSISv2p00_LPC17xx.a)
      2	      0	      0	      2	      2	lpc17xx_libcfg_default.o (ex libCMSISv2p00_LPC17xx.a)
    700	      0	      0	    700	    2bc	lpc17xx_mcpwm.o (ex libCMSISv2p00_LPC17xx.a)
    128	      0	      0	    128	     80	lpc17xx_nvic.o (ex libCMSISv2p00_LPC17xx.a)
    204	      0	      0	    204	     cc	lpc17xx_pinsel.o (ex libCMSISv2p00_LPC17xx.a)
   1641	      0	      0	   1641	    669	lpc17xx_pwm.o (ex libCMSISv2p00_LPC17xx.a)
   1279	      0	      0	   1279	    4ff	lpc17xx_qei.o (ex libCMSISv2p00_LPC17xx.a)
    397	      0	      0	    397	    18d	lpc17xx_rit.o (ex libCMSISv2p00_LPC17xx.a)
   2257	      0	      0	   2257	    8d1	lpc17xx_rtc.o (ex libCMSISv2p00_LPC17xx.a)
    857	      0	      0	    857	    359	lpc17xx_spi.o (ex libCMSISv2p00_LPC17xx.a)
   1559	      0	      0	   1559	    617	lpc17xx_ssp.o (ex libCMSISv2p00_LPC17xx.a)
    321	      0	      0	    321	    141	lpc17xx_systick.o (ex libCMSISv2p00_LPC17xx.a)
   1563	      0	      0	   1563	    61b	lpc17xx_timer.o (ex libCMSISv2p00_LPC17xx.a)
   3004	      0	      0	   3004	    bbc	lpc17xx_uart.o (ex libCMSISv2p00_LPC17xx.a)
    369	      0	      0	    369	    171	lpc17xx_wdt.o (ex libCMSISv2p00_LPC17xx.a)
 
18:15:20 **** Build of configuration Debug for project LIB_LED_ON ****
make -r all 
Building file: ../src/LIB_LED_ON.c
Invoking: MCU C Compiler
arm-none-eabi-gcc -D__REDLIB__ -DDEBUG -D__CODE_RED -DCORE_M3 -D__USE_CMSIS=CMSISv2p00_LPC17xx -D__LPC17XX__ -I"C:\Users\Agustinceravolo\Documents\LPCXpresso_7.9.0_455\workspace\LedOn\LIB_LED_ON\inc" -I"C:\Users\Agustinceravolo\Documents\LPCXpresso_7.9.0_455\workspace\LedOn\CMSISv2p00_LPC17xx\inc" -O0 -g3 -Wall -c -fmessage-length=0 -fno-builtin -ffunction-sections -fdata-sections -mcpu=cortex-m3 -mthumb -specs=redlib.specs -MMD -MP -MF"src/LIB_LED_ON.d" -MT"src/LIB_LED_ON.o" -MT"src/LIB_LED_ON.d" -o "src/LIB_LED_ON.o" "../src/LIB_LED_ON.c"
Finished building: ../src/LIB_LED_ON.c
 
Building target: libLIB_LED_ON.a
Invoking: MCU Archiver
arm-none-eabi-ar -r  "libLIB_LED_ON.a"  ./src/LIB_LED_ON.o   
c:\nxp\LPCXpresso_7.9.0_455\lpcxpresso\tools\bin\arm-none-eabi-ar.exe: creating libLIB_LED_ON.a
Finished building target: libLIB_LED_ON.a
 
make --no-print-directory post-build
Performing post-build steps
arm-none-eabi-size "libLIB_LED_ON.a" ; # arm-none-eabi-objdump -h -S "libLIB_LED_ON.a" >"libLIB_LED_ON.lss"
   text	   data	    bss	    dec	    hex	filename
    284	      0	      0	    284	    11c	LIB_LED_ON.o (ex libLIB_LED_ON.a)
 
18:15:23 **** Build of configuration Debug for project LedOn ****
make -r all 
Building file: ../src/LedOn.c
Invoking: MCU C Compiler
arm-none-eabi-gcc -DDEBUG -D__CODE_RED -DCORE_M3 -D__USE_CMSIS=CMSISv2p00_LPC17xx -D__LPC17XX__ -D__REDLIB__ -I"C:\Users\Agustinceravolo\Documents\LPCXpresso_7.9.0_455\workspace\LedOn\LedOn\inc" -I"C:\Users\Agustinceravolo\Documents\LPCXpresso_7.9.0_455\workspace\LedOn\CMSISv2p00_LPC17xx\inc" -O0 -g3 -Wall -c -fmessage-length=0 -fno-builtin -ffunction-sections -fdata-sections -mcpu=cortex-m3 -mthumb -specs=redlib.specs -MMD -MP -MF"src/LedOn.d" -MT"src/LedOn.o" -MT"src/LedOn.d" -o "src/LedOn.o" "../src/LedOn.c"
../src/LedOn.c:15:24: fatal error: LIB_LED_ON.h: No such file or directory
 #include <LIB_LED_ON.h>
                        ^
compilation terminated.
make: *** [src/LedOn.o] Error 1
18:15:53 **** Clean-only build of configuration Debug for project CMSISv2p00_LPC17xx ****
make -r clean 
rm -rf  ./src/core_cm3.o ./src/system_LPC17xx.o  ./lpc17xx.cmsis.driver.library/Source/lpc17xx_adc.o ./lpc17xx.cmsis.driver.library/Source/lpc17xx_can.o ./lpc17xx.cmsis.driver.library/Source/lpc17xx_clkpwr.o ./lpc17xx.cmsis.driver.library/Source/lpc17xx_dac.o ./lpc17xx.cmsis.driver.library/Source/lpc17xx_emac.o ./lpc17xx.cmsis.driver.library/Source/lpc17xx_exti.o ./lpc17xx.cmsis.driver.library/Source/lpc17xx_gpdma.o ./lpc17xx.cmsis.driver.library/Source/lpc17xx_gpio.o ./lpc17xx.cmsis.driver.library/Source/lpc17xx_i2c.o ./lpc17xx.cmsis.driver.library/Source/lpc17xx_i2s.o ./lpc17xx.cmsis.driver.library/Source/lpc17xx_libcfg_default.o ./lpc17xx.cmsis.driver.library/Source/lpc17xx_mcpwm.o ./lpc17xx.cmsis.driver.library/Source/lpc17xx_nvic.o ./lpc17xx.cmsis.driver.library/Source/lpc17xx_pinsel.o ./lpc17xx.cmsis.driver.library/Source/lpc17xx_pwm.o ./lpc17xx.cmsis.driver.library/Source/lpc17xx_qei.o ./lpc17xx.cmsis.driver.library/Source/lpc17xx_rit.o ./lpc17xx.cmsis.driver.library/Source/lpc17xx_rtc.o ./lpc17xx.cmsis.driver.library/Source/lpc17xx_spi.o ./lpc17xx.cmsis.driver.library/Source/lpc17xx_ssp.o ./lpc17xx.cmsis.driver.library/Source/lpc17xx_systick.o ./lpc17xx.cmsis.driver.library/Source/lpc17xx_timer.o ./lpc17xx.cmsis.driver.library/Source/lpc17xx_uart.o ./lpc17xx.cmsis.driver.library/Source/lpc17xx_wdt.o  ./src/core_cm3.d ./src/system_LPC17xx.d  ./lpc17xx.cmsis.driver.library/Source/lpc17xx_adc.d ./lpc17xx.cmsis.driver.library/Source/lpc17xx_can.d ./lpc17xx.cmsis.driver.library/Source/lpc17xx_clkpwr.d ./lpc17xx.cmsis.driver.library/Source/lpc17xx_dac.d ./lpc17xx.cmsis.driver.library/Source/lpc17xx_emac.d ./lpc17xx.cmsis.driver.library/Source/lpc17xx_exti.d ./lpc17xx.cmsis.driver.library/Source/lpc17xx_gpdma.d ./lpc17xx.cmsis.driver.library/Source/lpc17xx_gpio.d ./lpc17xx.cmsis.driver.library/Source/lpc17xx_i2c.d ./lpc17xx.cmsis.driver.library/Source/lpc17xx_i2s.d ./lpc17xx.cmsis.driver.library/Source/lpc17xx_libcfg_default.d ./lpc17xx.cmsis.driver.library/Source/lpc17xx_mcpwm.d ./lpc17xx.cmsis.driver.library/Source/lpc17xx_nvic.d ./lpc17xx.cmsis.driver.library/Source/lpc17xx_pinsel.d ./lpc17xx.cmsis.driver.library/Source/lpc17xx_pwm.d ./lpc17xx.cmsis.driver.library/Source/lpc17xx_qei.d ./lpc17xx.cmsis.driver.library/Source/lpc17xx_rit.d ./lpc17xx.cmsis.driver.library/Source/lpc17xx_rtc.d ./lpc17xx.cmsis.driver.library/Source/lpc17xx_spi.d ./lpc17xx.cmsis.driver.library/Source/lpc17xx_ssp.d ./lpc17xx.cmsis.driver.library/Source/lpc17xx_systick.d ./lpc17xx.cmsis.driver.library/Source/lpc17xx_timer.d ./lpc17xx.cmsis.driver.library/Source/lpc17xx_uart.d ./lpc17xx.cmsis.driver.library/Source/lpc17xx_wdt.d  libCMSISv2p00_LPC17xx.a
 
18:15:53 **** Clean-only build of configuration Debug for project LIB_LED_ON ****
make -r clean 
rm -rf  ./src/LIB_LED_ON.o  ./src/LIB_LED_ON.d  libLIB_LED_ON.a
 
18:15:54 **** Clean-only build of configuration Debug for project LedOn ****
make -r clean 
rm -rf  ./src/LedOn.o ./src/cr_startup_lpc175x_6x.o ./src/crp.o  ./src/LedOn.d ./src/cr_startup_lpc175x_6x.d ./src/crp.d  LedOn.axf
 
